Component: ARM Compiler 5.06 update 7 (build 960) Tool: armlink [4d3601]

==============================================================================

Section Cross References

    adc_app.o(i.adc_app_init) refers to adc_app.o(i.adc_task) for adc_task
    adc_app.o(i.adc_get_data) refers to adc_app.o(.data) for adc_data
    adc_app.o(i.adc_task) refers to adc_bsp.o(i.adc_read) for adc_read
    adc_app.o(i.adc_task) refers to adc_app.o(i.adc_to_millivolt) for adc_to_millivolt
    adc_app.o(i.adc_task) refers to adc_app.o(.data) for adc_data
    dac_app.o(i.dac_app_init) refers to dac_app.o(i.dac_task) for dac_task
    dac_app.o(i.dac_get_value) refers to dac_app.o(.data) for dac_value
    dac_app.o(i.dac_task) refers to adc_app.o(i.adc_get_data) for adc_get_data
    dac_app.o(i.dac_task) refers to dac_bsp.o(i.dac_write) for dac_write
    dac_app.o(i.dac_task) refers to dac_app.o(.data) for dac_value
    btn_app.o(i.btn_app_init) refers to btn_bsp.o(i.btn_init) for btn_init
    btn_app.o(i.btn_app_init) refers to button.o(i.button_init) for button_init
    btn_app.o(i.btn_app_init) refers to btn_app.o(i.btn_event) for btn_event
    btn_app.o(i.btn_app_init) refers to btn_app.o(i.btn_read_state) for btn_read_state
    btn_app.o(i.btn_app_init) refers to btn_app.o(.data) for buttons
    btn_app.o(i.btn_event) refers to btn_app.o(i.btn_toggle_led) for btn_toggle_led
    btn_app.o(i.btn_read_state) refers to btn_bsp.o(i.btn_read) for btn_read
    btn_app.o(i.btn_task) refers to systick.o(i.systick_get_ms) for systick_get_ms
    btn_app.o(i.btn_task) refers to button.o(i.button_scan) for button_scan
    btn_app.o(i.btn_toggle_led) refers to led_app.o(i.led_app_toggle) for led_app_toggle
    led_app.o(i.led_app_blink_off) refers to led_app.o(i.led_is_valid) for led_is_valid
    led_app.o(i.led_app_blink_off) refers to led_app.o(i.led_lock) for led_lock
    led_app.o(i.led_app_blink_off) refers to led_app.o(i.led_unlock) for led_unlock
    led_app.o(i.led_app_blink_off) refers to led_bsp.o(i.led_set) for led_set
    led_app.o(i.led_app_blink_off) refers to led_app.o(.data) for led_ctx
    led_app.o(i.led_app_blink_on) refers to led_app.o(i.led_is_valid) for led_is_valid
    led_app.o(i.led_app_blink_on) refers to led_app.o(i.led_lock) for led_lock
    led_app.o(i.led_app_blink_on) refers to led_app.o(i.led_start_blink) for led_start_blink
    led_app.o(i.led_app_blink_on) refers to led_app.o(i.led_unlock) for led_unlock
    led_app.o(i.led_app_blink_times) refers to led_app.o(i.led_is_valid) for led_is_valid
    led_app.o(i.led_app_blink_times) refers to led_app.o(i.led_lock) for led_lock
    led_app.o(i.led_app_blink_times) refers to led_app.o(i.led_start_blink) for led_start_blink
    led_app.o(i.led_app_blink_times) refers to led_app.o(i.led_unlock) for led_unlock
    led_app.o(i.led_app_init) refers to led_bsp.o(i.led_init) for led_init
    led_app.o(i.led_app_init) refers to led_bsp.o(i.led_set) for led_set
    led_app.o(i.led_app_init) refers to led_app.o(.data) for led_ctx
    led_app.o(i.led_app_set) refers to led_app.o(i.led_is_valid) for led_is_valid
    led_app.o(i.led_app_set) refers to led_app.o(i.led_lock) for led_lock
    led_app.o(i.led_app_set) refers to led_app.o(i.led_unlock) for led_unlock
    led_app.o(i.led_app_set) refers to led_bsp.o(i.led_set) for led_set
    led_app.o(i.led_app_set) refers to led_app.o(.data) for led_ctx
    led_app.o(i.led_app_tick_1ms) refers to led_bsp.o(i.led_set) for led_set
    led_app.o(i.led_app_tick_1ms) refers to led_app.o(.data) for led_ctx
    led_app.o(i.led_app_toggle) refers to led_app.o(i.led_is_valid) for led_is_valid
    led_app.o(i.led_app_toggle) refers to led_app.o(i.led_lock) for led_lock
    led_app.o(i.led_app_toggle) refers to led_app.o(i.led_unlock) for led_unlock
    led_app.o(i.led_app_toggle) refers to led_bsp.o(i.led_set) for led_set
    led_app.o(i.led_app_toggle) refers to led_app.o(.data) for led_ctx
    led_app.o(i.led_start_blink) refers to led_bsp.o(i.led_set) for led_set
    led_app.o(i.led_start_blink) refers to led_app.o(.data) for led_ctx
    oled_app.o(i.oled_draw_status) refers to adc_app.o(i.adc_get_data) for adc_get_data
    oled_app.o(i.oled_draw_status) refers to gd30_app.o(i.gd30_get_pt100) for gd30_get_pt100
    oled_app.o(i.oled_draw_status) refers to rtc_app.o(i.rtc_get_time) for rtc_get_time
    oled_app.o(i.oled_draw_status) refers to oled.o(i.oled_text_printf) for oled_text_printf
    oled_app.o(i.oled_draw_status) refers to oled.o(i.oled_text_show) for oled_text_show
    oled_app.o(i.oled_task) refers to oled_app.o(i.oled_draw_status) for oled_draw_status
    oled_app.o(i.oled_task) refers to oled.o(i.oled_service) for oled_service
    rtc_app.o(i.rtc_app_init) refers to rtc_app.o(i.rtc_task) for rtc_task
    rtc_app.o(i.rtc_get_date) refers to rtc_app.o(.data) for rtc_date
    rtc_app.o(i.rtc_get_datetime) refers to rtc_app.o(.data) for rtc_datetime
[...]
    pt100_lut                                0x08005d28   Data         112  gd30_app.o(.constdata)
    .constdata                               0x08005da6   Section       32  rtc_bsp.o(.constdata)
    days                                     0x08005da6   Data          12  rtc_bsp.o(.constdata)
    month_table                              0x08005db2   Data          12  rtc_bsp.o(.constdata)
    default_time                             0x08005dbe   Data           8  rtc_bsp.o(.constdata)
    .constdata                               0x08005dc8   Section       56  btn_bsp.o(.constdata)
    btn_ports                                0x08005dc8   Data          28  btn_bsp.o(.constdata)
    btn_pins                                 0x08005de4   Data          28  btn_bsp.o(.constdata)
    .constdata                               0x08005e00   Section       24  led_bsp.o(.constdata)
    led_pins                                 0x08005e00   Data          24  led_bsp.o(.constdata)
    .constdata                               0x08005e18   Section       60  gd30ad3344.o(.constdata)
    gd30_pga_microvolt                       0x08005e18   Data          28  gd30ad3344.o(.constdata)
    gd30_rate_wait_table_ms                  0x08005e34   Data          32  gd30ad3344.o(.constdata)
    .constdata                               0x08005e54   Section     2737  oled.o(.constdata)
    F8X16                                    0x0800607c   Data        1520  oled.o(.constdata)
    init_cmds                                0x080068ec   Data          25  oled.o(.constdata)
    .data                                    0x20000000   Section        4  adc_app.o(.data)
    adc_data                                 0x20000000   Data           4  adc_app.o(.data)
    .data                                    0x20000004   Section        2  dac_app.o(.data)
    dac_value                                0x20000004   Data           2  dac_app.o(.data)
    .data                                    0x20000008   Section      112  btn_app.o(.data)
    buttons                                  0x20000008   Data         112  btn_app.o(.data)
    .data                                    0x20000078   Section       96  led_app.o(.data)
    led_ctx                                  0x20000078   Data          96  led_app.o(.data)
    .data                                    0x200000d8   Section       18  rtc_app.o(.data)
    rtc_date                                 0x200000d8   Data           6  rtc_app.o(.data)
    rtc_time                                 0x200000de   Data           3  rtc_app.o(.data)
    rtc_datetime                             0x200000e2   Data           8  rtc_app.o(.data)
    .data                                    0x200000ec   Section       84  scheduler.o(.data)
    tasks                                    0x200000ec   Data          84  scheduler.o(.data)
    .data                                    0x20000140   Section        1  sd_app.o(.data)
    sd_mounted                               0x20000140   Data           1  sd_app.o(.data)
    .data                                    0x20000144   Section        8  usart_app.o(.data)
    uart_line_len                            0x20000144   Data           2  usart_app.o(.data)
    uart_line_handler                        0x20000148   Data           4  usart_app.o(.data)
    .data                                    0x2000014c   Section       20  gd30_app.o(.data)
    gd30_active_step                         0x2000014c   Data           4  gd30_app.o(.data)
    gd30_next_step                           0x20000150   Data           4  gd30_app.o(.data)
    gd30_next_read_ms                        0x20000154   Data           4  gd30_app.o(.data)
    gd30_wait_ms                             0x20000158   Data           4  gd30_app.o(.data)
    gd30_next_telemetry_ms                   0x2000015c   Data           4  gd30_app.o(.data)
    .data                                    0x20000160   Section        8  systick.o(.data)
    delay_remaining_ms                       0x20000160   Data           4  systick.o(.data)
    system_tick_ms                           0x20000164   Data           4  systick.o(.data)
    .data                                    0x20000168   Section        4  system_gd32f4xx.o(.data)
    .data                                    0x2000016c   Section        2  adc_bsp.o(.data)
    adc_sample                               0x2000016c   Data           2  adc_bsp.o(.data)
    .data                                    0x2000016e   Section        2  dac_bsp.o(.data)
    dac_value                                0x2000016e   Data           2  dac_bsp.o(.data)
    .data                                    0x20000170   Section       16  usart_bsp.o(.data)
    usart_rx_dma_read_index                  0x20000170   Data           2  usart_bsp.o(.data)
    usart_rx_poll_busy                       0x20000172   Data           1  usart_bsp.o(.data)
    usart_tx_dma_length                      0x20000174   Data           2  usart_bsp.o(.data)
    usart_tx_dma_busy                        0x20000176   Data           1  usart_bsp.o(.data)
    usart_rx_overflow_count                  0x20000178   Data           4  usart_bsp.o(.data)
    usart_tx_overflow_count                  0x2000017c   Data           4  usart_bsp.o(.data)
    .data                                    0x20000180   Section       10  rtc_bsp.o(.data)
    rtc_prescaler_a                          0x20000180   Data           4  rtc_bsp.o(.data)
    rtc_prescaler_s                          0x20000184   Data           4  rtc_bsp.o(.data)
    rtc_clock_source                         0x20000188   Data           1  rtc_bsp.o(.data)
    rtc_ready                                0x20000189   Data           1  rtc_bsp.o(.data)
    .data                                    0x2000018a   Section        1  flash_bsp.o(.data)
    flash_bus_error                          0x2000018a   Data           1  flash_bsp.o(.data)
    .data                                    0x2000018b   Section       12  oled.o(.data)
    oled_inited                              0x2000018b   Data           1  oled.o(.data)
    oled_cmd_buf                             0x2000018c   Data           7  oled.o(.data)
    oled_dirty_pages                         0x20000193   Data           1  oled.o(.data)
    oled_busy                                0x20000194   Data           1  oled.o(.data)
    oled_error                               0x20000195   Data           1  oled.o(.data)
    oled_next_page                           0x20000196   Data           1  oled.o(.data)
    .data                                    0x20000198   Section       16  button.o(.data)
    button_list                              0x20000198   Data           4  button.o(.data)
    button_count                             0x2000019c   Data           1  button.o(.data)
    button_read                              0x200001a0   Data           4  button.o(.data)
    button_event                             0x200001a4   Data           4  button.o(.data)
    .data                                    0x200001a8   Section       36  sdio_sdcard.o(.data)
    cardtype                                 0x200001b0   Data           1  sdio_sdcard.o(.data)
    sd_rca                                   0x200001b2   Data           2  sdio_sdcard.o(.data)
    transmode                                0x200001b4   Data           4  sdio_sdcard.o(.data)
    totalnumber_bytes                        0x200001b8   Data           4  sdio_sdcard.o(.data)
    stopcondition                            0x200001bc   Data           4  sdio_sdcard.o(.data)
    transerror                               0x200001c0   Data           1  sdio_sdcard.o(.data)
    transend                                 0x200001c4   Data           4  sdio_sdcard.o(.data)
    number_bytes                             0x200001c8   Data           4  sdio_sdcard.o(.data)
    .bss                                     0x200001cc   Section      128  usart_app.o(.bss)
    uart_line                                0x200001cc   Data         128  usart_app.o(.bss)
    .bss                                     0x2000024c   Section       68  gd30_app.o(.bss)
    gd30_data                                0x2000024c   Data          48  gd30_app.o(.bss)
    gd30_pt100                               0x2000027c   Data          20  gd30_app.o(.bss)
    .bss                                     0x20000290   Section     4384  usart_bsp.o(.bss)
    usart_rx_dma_buffer                      0x20000290   Data         256  usart_bsp.o(.bss)
    usart_rx_ring_buffer                     0x20000390   Data        2048  usart_bsp.o(.bss)
    usart_rx_ring                            0x20000b90   Data          16  usart_bsp.o(.bss)
    usart_tx_ring_buffer                     0x20000ba0   Data        2048  usart_bsp.o(.bss)
    usart_tx_ring                            0x200013a0   Data          16  usart_bsp.o(.bss)
    .bss                                     0x200013b0   Section      513  oled_bsp.o(.bss)
    oled_tx_buf                              0x200013b0   Data         513  oled_bsp.o(.bss)
    .bss                                     0x200015b4   Section       24  gd25qxx.o(.bss)
    flash_info                               0x200015b4   Data          24  gd25qxx.o(.bss)
    .bss                                     0x200015cc   Section     1024  oled.o(.bss)
    oled_gram                                0x200015cc   Data         512  oled.o(.bss)
    oled_data_buf                            0x200017cc   Data         512  oled.o(.bss)
    STACK                                    0x200019d0   Section     1024  startup_gd32f450_470.o(STACK)

    Global Symbols

    Symbol Name                              Value     Ov Type        Size  Object(Section)

    BuildAttributes$$THM_ISAv4$E$P$D$K$B$S$7EM$VFPi3$EXTD16$VFPS$VFMA$PE$A:L22UL41UL21$X:L11$S22US41US21$IEEE1$IW$USESV6$~STKCKD$USESV7$~SHL$OSPACE$ROPI$EBA8$MICROLIB$REQ8$PRES8$EABIv2 0x00000000   Number         0  anon$$obj.o ABSOLUTE
    __ARM_use_no_argv                        0x00000000   Number         0  main.o ABSOLUTE
    __arm_fini_                               - Undefined Weak Reference
    __cpp_initialize__aeabi_                  - Undefined Weak Reference
    __cxa_finalize                            - Undefined Weak Reference
    _clock_init                               - Undefined Weak Reference
    _microlib_exit                            - Undefined Weak Reference
    __Vectors_Size                           0x000001ac   Number         0  startup_gd32f450_470.o ABSOLUTE
    __Vectors                                0x08000000   Data           4  startup_gd32f450_470.o(RESET)
    __Vectors_End                            0x080001ac   Data           0  startup_gd32f450_470.o(RESET)
    __main                                   0x080001ad   Thumb Code     0  entry.o(.ARM.Collect$$$$00000000)
    _main_stk                                0x080001ad   Thumb Code     0  entry2.o(.ARM.Collect$$$$00000001)
    _main_scatterload                        0x080001b1   Thumb Code     0  entry5.o(.ARM.Collect$$$$00000004)
    __main_after_scatterload                 0x080001b5   Thumb Code     0  entry5.o(.ARM.Collect$$$$00000004)
    _main_clock                              0x080001b5   Thumb Code     0  entry7b.o(.ARM.Collect$$$$00000008)
    _main_cpp_init                           0x080001b5   Thumb Code     0  entry8b.o(.ARM.Collect$$$$0000000A)
    _main_init                               0x080001b5   Thumb Code     0  entry9a.o(.ARM.Collect$$$$0000000B)
    __rt_lib_shutdown_fini                   0x080001bd   Thumb Code     0  entry12b.o(.ARM.Collect$$$$0000000E)
    __rt_final_cpp                           0x080001c1   Thumb Code     0  entry10a.o(.ARM.Collect$$$$0000000F)
    __rt_final_exit                          0x080001c1   Thumb Code     0  entry11a.o(.ARM.Collect$$$$00000011)
    Reset_Handler                            0x080001c5   Thumb Code     8  startup_gd32f450_470.o(.text)
    ADC_IRQHandler                           0x080001df   Thumb Code     0  startup_gd32f450_470.o(.text)
    CAN0_EWMC_IRQHandler                     0x080001df   Thumb Code     0  startup_gd32f450_470.o(.text)
    CAN0_RX0_IRQHandler                      0x080001df   Thumb Code     0  startup_gd32f450_470.o(.text)
    CAN0_RX1_IRQHandler                      0x080001df   Thumb Code     0  startup_gd32f450_470.o(.text)
    CAN0_TX_IRQHandler                       0x080001df   Thumb Code     0  startup_gd32f450_470.o(.text)
    CAN1_EWMC_IRQHandler                     0x080001df   Thumb Code     0  startup_gd32f450_470.o(.text)
    CAN1_RX0_IRQHandler                      0x080001df   Thumb Code     0  startup_gd32f450_470.o(.text)
    CAN1_RX1_IRQHandler                      0x080001df   Thumb Code     0  startup_gd32f450_470.o(.text)
    CAN1_TX_IRQHandler                       0x080001df   Thumb Code     0  startup_gd32f450_470.o(.text)
    DCI_IRQHandler                           0x080001df   Thumb Code     0  startup_gd32f450_470.o(.text)
    DMA0_Channel0_IRQHandler                 0x080001df   Thumb Code     0  startup_gd32f450_470.o(.text)
    DMA0_Channel1_IRQHandler                 0x080001df   Thumb Code     0  startup_gd32f450_470.o(.text)
    DMA0_Channel2_IRQHandler                 0x080001df   Thumb Code     0  startup_gd32f450_470.o(.text)
    DMA0_Channel3_IRQHandler                 0x080001df   Thumb Code     0  startup_gd32f450_470.o(.text)
    DMA0_Channel4_IRQHandler                 0x080001df   Thumb Code     0  startup_gd32f450_470.o(.text)
    DMA0_Channel5_IRQHandler                 0x080001df   Thumb Code     0  startup_gd32f450_470.o(.text)
    DMA0_Channel6_IRQHandler                 0x080001df   Thumb Code     0  startup_gd32f450_470.o(.text)
    DMA0_Channel7_IRQHandler                 0x080001df   Thumb Code     0  startup_gd32f450_470.o(.text)
    DMA1_Channel0_IRQHandler                 0x080001df   Thumb Code     0  startup_gd32f450_470.o(.text)
    DMA1_Channel1_IRQHandler                 0x080001df   Thumb Code     0  startup_gd32f450_470.o(.text)
    DMA1_Channel2_IRQHandler                 0x080001df   Thumb Code     0  startup_gd32f450_470.o(.text)
    DMA1_Channel3_IRQHandler                 0x080001df   Thumb Code     0  startup_gd32f450_470.o(.text)
    DMA1_Channel4_IRQHandler                 0x080001df   Thumb Code     0  startup_gd32f450_470.o(.text)
    DMA1_Channel5_IRQHandler                 0x080001df   Thumb Code     0  startup_gd32f450_470.o(.text)
    DMA1_Channel6_IRQHandler                 0x080001df   Thumb Code     0  startup_gd32f450_470.o(.text)
    ENET_IRQHandler                          0x080001df   Thumb Code     0  startup_gd32f450_470.o(.text)
    ENET_WKUP_IRQHandler                     0x080001df   Thumb Code     0  startup_gd32f450_470.o(.text)
    EXMC_IRQHandler                          0x080001df   Thumb Code     0  startup_gd32f450_470.o(.text)
    EXTI0_IRQHandler                         0x080001df   Thumb Code     0  startup_gd32f450_470.o(.text)
    EXTI10_15_IRQHandler                     0x080001df   Thumb Code     0  startup_gd32f450_470.o(.text)
    EXTI1_IRQHandler                         0x080001df   Thumb Code     0  startup_gd32f450_470.o(.text)
    EXTI2_IRQHandler                         0x080001df   Thumb Code     0  startup_gd32f450_470.o(.text)
    EXTI3_IRQHandler                         0x080001df   Thumb Code     0  startup_gd32f450_470.o(.text)
    EXTI4_IRQHandler                         0x080001df   Thumb Code     0  startup_gd32f450_470.o(.text)
    EXTI5_9_IRQHandler                       0x080001df   Thumb Code     0  startup_gd32f450_470.o(.text)
    FMC_IRQHandler                           0x080001df   Thumb Code     0  startup_gd32f450_470.o(.text)
    FPU_IRQHandler                           0x080001df   Thumb Code     0  startup_gd32f450_470.o(.text)
    I2C0_ER_IRQHandler                       0x080001df   Thumb Code     0  startup_gd32f450_470.o(.text)
    I2C0_EV_IRQHandler                       0x080001df   Thumb Code     0  startup_gd32f450_470.o(.text)
    I2C1_ER_IRQHandler                       0x080001df   Thumb Code     0  startup_gd32f450_470.o(.text)
    I2C1_EV_IRQHandler                       0x080001df   Thumb Code     0  startup_gd32f450_470.o(.text)
    I2C2_ER_IRQHandler                       0x080001df   Thumb Code     0  startup_gd32f450_470.o(.text)
    I2C2_EV_IRQHandler                       0x080001df   Thumb Code     0  startup_gd32f450_470.o(.text)
    IPA_IRQHandler                           0x080001df   Thumb Code     0  startup_gd32f450_470.o(.text)
    LVD_IRQHandler                           0x080001df   Thumb Code     0  startup_gd32f450_470.o(.text)
    RCU_CTC_IRQHandler                       0x080001df   Thumb Code     0  startup_gd32f450_470.o(.text)
    RTC_Alarm_IRQHandler                     0x080001df   Thumb Code     0  startup_gd32f450_470.o(.text)
    RTC_WKUP_IRQHandler                      0x080001df   Thumb Code     0  startup_gd32f450_470.o(.text)
    SPI0_IRQHandler                          0x080001df   Thumb Code     0  startup_gd32f450_470.o(.text)
    SPI1_IRQHandler                          0x080001df   Thumb Code     0  startup_gd32f450_470.o(.text)
    SPI2_IRQHandler                          0x080001df   Thumb Code     0  startup_gd32f450_470.o(.text)
    SPI3_IRQHandler                          0x080001df   Thumb Code     0  startup_gd32f450_470.o(.text)
    SPI4_IRQHandler                          0x080001df   Thumb Code     0  startup_gd32f450_470.o(.text)
    SPI5_IRQHandler                          0x080001df   Thumb Code     0  startup_gd32f450_470.o(.text)
    TAMPER_STAMP_IRQHandler                  0x080001df   Thumb Code     0  startup_gd32f450_470.o(.text)
    TIMER0_BRK_TIMER8_IRQHandler             0x080001df   Thumb Code     0  startup_gd32f450_470.o(.text)
    TIMER0_Channel_IRQHandler                0x080001df   Thumb Code     0  startup_gd32f450_470.o(.text)
    TIMER0_TRG_CMT_TIMER10_IRQHandler        0x080001df   Thumb Code     0  startup_gd32f450_470.o(.text)
    TIMER0_UP_TIMER9_IRQHandler              0x080001df   Thumb Code     0  startup_gd32f450_470.o(.text)
    TIMER1_IRQHandler                        0x080001df   Thumb Code     0  startup_gd32f450_470.o(.text)
    TIMER2_IRQHandler                        0x080001df   Thumb Code     0  startup_gd32f450_470.o(.text)
    TIMER3_IRQHandler                        0x080001df   Thumb Code     0  startup_gd32f450_470.o(.text)
    TIMER4_IRQHandler                        0x080001df   Thumb Code     0  startup_gd32f450_470.o(.text)
    TIMER5_DAC_IRQHandler                    0x080001df   Thumb Code     0  startup_gd32f450_470.o(.text)
    TIMER6_IRQHandler                        0x080001df   Thumb Code     0  startup_gd32f450_470.o(.text)
    TIMER7_BRK_TIMER11_IRQHandler            0x080001df   Thumb Code     0  startup_gd32f450_470.o(.text)
    TIMER7_Channel_IRQHandler                0x080001df   Thumb Code     0  startup_gd32f450_470.o(.text)
    TIMER7_TRG_CMT_TIMER13_IRQHandler        0x080001df   Thumb Code     0  startup_gd32f450_470.o(.text)
    TIMER7_UP_TIMER12_IRQHandler             0x080001df   Thumb Code     0  startup_gd32f450_470.o(.text)
    TLI_ER_IRQHandler                        0x080001df   Thumb Code     0  startup_gd32f450_470.o(.text)
    TLI_IRQHandler                           0x080001df   Thumb Code     0  startup_gd32f450_470.o(.text)
    TRNG_IRQHandler                          0x080001df   Thumb Code     0  startup_gd32f450_470.o(.text)
    UART3_IRQHandler                         0x080001df   Thumb Code     0  startup_gd32f450_470.o(.text)
    UART4_IRQHandler                         0x080001df   Thumb Code     0  startup_gd32f450_470.o(.text)
    UART6_IRQHandler                         0x080001df   Thumb Code     0  startup_gd32f450_470.o(.text)
    UART7_IRQHandler                         0x080001df   Thumb Code     0  startup_gd32f450_470.o(.text)
    USART1_IRQHandler                        0x080001df   Thumb Code     0  startup_gd32f450_470.o(.text)
    USART2_IRQHandler                        0x080001df   Thumb Code     0  startup_gd32f450_470.o(.text)
    USART5_IRQHandler                        0x080001df   Thumb Code     0  startup_gd32f450_470.o(.text)
    USBFS_IRQHandler                         0x080001df   Thumb Code     0  startup_gd32f450_470.o(.text)
    USBFS_WKUP_IRQHandler                    0x080001df   Thumb Code     0  startup_gd32f450_470.o(.text)
    USBHS_EP1_In_IRQHandler                  0x080001df   Thumb Code     0  startup_gd32f450_470.o(.text)
    USBHS_EP1_Out_IRQHandler                 0x080001df   Thumb Code     0  startup_gd32f450_470.o(.text)
    USBHS_IRQHandler                         0x080001df   Thumb Code     0  startup_gd32f450_470.o(.text)
    USBHS_WKUP_IRQHandler                    0x080001df   Thumb Code     0  startup_gd32f450_470.o(.text)
    WWDGT_IRQHandler                         0x080001df   Thumb Code     0  startup_gd32f450_470.o(.text)
    __aeabi_ldivmod                          0x080001e9   Thumb Code    98  ldiv.o(.text)
    __aeabi_memcpy                           0x0800024b   Thumb Code    36  memcpya.o(.text)
    __aeabi_memcpy4                          0x0800024b   Thumb Code     0  memcpya.o(.text)
    __aeabi_memcpy8                          0x0800024b   Thumb Code     0  memcpya.o(.text)
    __aeabi_memset                           0x0800026f   Thumb Code    14  memseta.o(.text)
    __aeabi_memset4                          0x0800026f   Thumb Code     0  memseta.o(.text)
    __aeabi_memset8                          0x0800026f   Thumb Code     0  memseta.o(.text)
    __aeabi_memclr                           0x0800027d   Thumb Code     4  memseta.o(.text)
    __aeabi_memclr4                          0x0800027d   Thumb Code     0  memseta.o(.text)
    __aeabi_memclr8                          0x0800027d   Thumb Code     0  memseta.o(.text)
    _memset$wrapper                          0x08000281   Thumb Code    18  memseta.o(.text)
    strncpy                                  0x08000293   Thumb Code    24  strncpy.o(.text)
    __aeabi_uidiv                            0x080002ab   Thumb Code     0  uidiv.o(.text)
    __aeabi_uidivmod                         0x080002ab   Thumb Code    44  uidiv.o(.text)
    __aeabi_uldivmod                         0x080002d7   Thumb Code    98  uldiv.o(.text)
    __I$use$fp                               0x08000339   Thumb Code     0  iusefp.o(.text)
    __aeabi_dadd                             0x08000339   Thumb Code   322  dadd.o(.text)
    __aeabi_dsub                             0x0800047b   Thumb Code     6  dadd.o(.text)
    __aeabi_drsub                            0x08000481   Thumb Code     6  dadd.o(.text)
    __aeabi_dmul                             0x08000487   Thumb Code   228  dmul.o(.text)
    __aeabi_ddiv                             0x0800056b   Thumb Code   222  ddiv.o(.text)
    __aeabi_d2ulz                            0x08000649   Thumb Code    48  dfixul.o(.text)
    __aeabi_cdrcmple                         0x08000679   Thumb Code    48  cdrcmple.o(.text)
    __scatterload                            0x080006a9   Thumb Code    28  init.o(.text)
    __scatterload_rt2                        0x080006a9   Thumb Code     0  init.o(.text)
    __aeabi_llsl                             0x080006cd   Thumb Code    30  llshl.o(.text)
    _ll_shift_l                              0x080006cd   Thumb Code     0  llshl.o(.text)
    __aeabi_llsr                             0x080006eb   Thumb Code    32  llushr.o(.text)
    _ll_ushift_r                             0x080006eb   Thumb Code     0  llushr.o(.text)
    __aeabi_lasr                             0x0800070b   Thumb Code    36  llsshr.o(.text)
    _ll_sshift_r                             0x0800070b   Thumb Code     0  llsshr.o(.text)
    _double_round                            0x0800072f   Thumb Code    30  depilogue.o(.text)
    _double_epilogue                         0x0800074d   Thumb Code   156  depilogue.o(.text)
    __decompress                             0x080007e9   Thumb Code     0  __dczerorl2.o(.text)
    __decompress1                            0x080007e9   Thumb Code    86  __dczerorl2.o(.text)
    BusFault_Handler                         0x0800083f   Thumb Code     4  gd32f4xx_it.o(i.BusFault_Handler)
    DMA1_Channel7_IRQHandler                 0x08000843   Thumb Code     8  gd32f4xx_it.o(i.DMA1_Channel7_IRQHandler)
    DebugMon_Handler                         0x0800084b   Thumb Code     4  gd32f4xx_it.o(i.DebugMon_Handler)
    HardFault_Handler                        0x0800084f   Thumb Code     4  gd32f4xx_it.o(i.HardFault_Handler)
    MemManage_Handler                        0x08000853   Thumb Code     4  gd32f4xx_it.o(i.MemManage_Handler)
    NMI_Handler                              0x08000857   Thumb Code     4  gd32f4xx_it.o(i.NMI_Handler)
    PendSV_Handler                           0x08000885   Thumb Code     4  gd32f4xx_it.o(i.PendSV_Handler)
    SDIO_IRQHandler                          0x08000889   Thumb Code     8  gd32f4xx_it.o(i.SDIO_IRQHandler)
    SVC_Handler                              0x08000891   Thumb Code     4  gd32f4xx_it.o(i.SVC_Handler)
    SysTick_Handler                          0x08000895   Thumb Code    12  gd32f4xx_it.o(i.SysTick_Handler)
    SystemInit                               0x080008a1   Thumb Code   374  system_gd32f4xx.o(i.SystemInit)
    USART0_IRQHandler                        0x08000a29   Thumb Code     8  gd32f4xx_it.o(i.USART0_IRQHandler)
    UsageFault_Handler                       0x08000a31   Thumb Code     4  gd32f4xx_it.o(i.UsageFault_Handler)
    __0vsnprintf                             0x08000a35   Thumb Code    46  printfa.o(i.__0vsnprintf)
    __1vsnprintf                             0x08000a35   Thumb Code     0  printfa.o(i.__0vsnprintf)
    __2vsnprintf                             0x08000a35   Thumb Code     0  printfa.o(i.__0vsnprintf)
    __c89vsnprintf                           0x08000a35   Thumb Code     0  printfa.o(i.__0vsnprintf)
    vsnprintf                                0x08000a35   Thumb Code     0  printfa.o(i.__0vsnprintf)
    __scatterload_copy                       0x08000a69   Thumb Code    14  handlers.o(i.__scatterload_copy)
    __scatterload_null                       0x08000a77   Thumb Code     2  handlers.o(i.__scatterload_null)
    __scatterload_zeroinit                   0x08000a79   Thumb Code    14  handlers.o(i.__scatterload_zeroinit)
    adc_app_init                             0x08001345   Thumb Code     8  adc_app.o(i.adc_app_init)
    adc_calibration_enable                   0x0800134d   Thumb Code    42  gd32f4xx_adc.o(i.adc_calibration_enable)
    adc_channel_length_config                0x08001377   Thumb Code    82  gd32f4xx_adc.o(i.adc_channel_length_config)
    adc_clock_config                         0x080013c9   Thumb Code    28  gd32f4xx_adc.o(i.adc_clock_config)
    adc_data_alignment_config                0x080013ed   Thumb Code    22  gd32f4xx_adc.o(i.adc_data_alignment_config)
    adc_dma_mode_enable                      0x08001403   Thumb Code    10  gd32f4xx_adc.o(i.adc_dma_mode_enable)
    adc_dma_request_after_last_enable        0x0800140d   Thumb Code    10  gd32f4xx_adc.o(i.adc_dma_request_after_last_enable)
    adc_enable                               0x08001417   Thumb Code    18  gd32f4xx_adc.o(i.adc_enable)
    adc_external_trigger_config              0x08001429   Thumb Code    52  gd32f4xx_adc.o(i.adc_external_trigger_config)
    adc_get_data                             0x0800145d   Thumb Code    22  adc_app.o(i.adc_get_data)
    adc_init                                 0x08001479   Thumb Code   262  adc_bsp.o(i.adc_init)
    adc_read                                 0x08001591   Thumb Code     6  adc_bsp.o(i.adc_read)
    adc_routine_channel_config               0x0800159d   Thumb Code   172  gd32f4xx_adc.o(i.adc_routine_channel_config)
    adc_software_trigger_enable              0x08001649   Thumb Code    36  gd32f4xx_adc.o(i.adc_software_trigger_enable)
    adc_special_function_config              0x0800166d   Thumb Code    90  gd32f4xx_adc.o(i.adc_special_function_config)
    adc_sync_mode_config                     0x080016c9   Thumb Code    28  gd32f4xx_adc.o(i.adc_sync_mode_config)
    adc_task                                 0x080016ed   Thumb Code    38  adc_app.o(i.adc_task)
    btn_app_init                             0x0800172d   Thumb Code    20  btn_app.o(i.btn_app_init)
    btn_init                                 0x0800177d   Thumb Code    66  btn_bsp.o(i.btn_init)
    btn_read                                 0x080017dd   Thumb Code    42  btn_bsp.o(i.btn_read)
    btn_task                                 0x08001823   Thumb Code    14  btn_app.o(i.btn_task)
    button_init                              0x08001879   Thumb Code   126  button.o(i.button_init)
    button_scan                              0x08001931   Thumb Code   156  button.o(i.button_scan)
    dac_app_init                             0x080019f5   Thumb Code     8  dac_app.o(i.dac_app_init)
    dac_data_set                             0x080019fd   Thumb Code    64  gd32f4xx_dac.o(i.dac_data_set)
    dac_deinit                               0x08001a3d   Thumb Code    34  gd32f4xx_dac.o(i.dac_deinit)
    dac_dma_disable                          0x08001a65   Thumb Code    26  gd32f4xx_dac.o(i.dac_dma_disable)
    dac_enable                               0x08001a7f   Thumb Code    26  gd32f4xx_dac.o(i.dac_enable)
    dac_init                                 0x08001a99   Thumb Code    78  dac_bsp.o(i.dac_init)
    dac_task                                 0x08001af1   Thumb Code    26  dac_app.o(i.dac_task)
    dac_trigger_disable                      0x08001b11   Thumb Code    26  gd32f4xx_dac.o(i.dac_trigger_disable)
    dac_wave_mode_config                     0x08001b2b   Thumb Code    40  gd32f4xx_dac.o(i.dac_wave_mode_config)
    dac_write                                0x08001b55   Thumb Code    32  dac_bsp.o(i.dac_write)
    delay_1ms                                0x08001b7d   Thumb Code    16  systick.o(i.delay_1ms)
    delay_decrement                          0x08001b91   Thumb Code    28  systick.o(i.delay_decrement)
    dma_channel_disable                      0x08001bb5   Thumb Code    32  gd32f4xx_dma.o(i.dma_channel_disable)
    dma_channel_enable                       0x08001bd5   Thumb Code    32  gd32f4xx_dma.o(i.dma_channel_enable)
    dma_channel_subperipheral_select         0x08001bf5   Thumb Code    38  gd32f4xx_dma.o(i.dma_channel_subperipheral_select)
    dma_circulation_disable                  0x08001c1b   Thumb Code    32  gd32f4xx_dma.o(i.dma_circulation_disable)
    dma_circulation_enable                   0x08001c3b   Thumb Code    32  gd32f4xx_dma.o(i.dma_circulation_enable)
    dma_deinit                               0x08001c5b   Thumb Code   166  gd32f4xx_dma.o(i.dma_deinit)
    dma_flag_clear                           0x08001d01   Thumb Code    62  gd32f4xx_dma.o(i.dma_flag_clear)
    dma_flag_get                             0x08001d3f   Thumb Code    78  gd32f4xx_dma.o(i.dma_flag_get)
    dma_interrupt_disable                    0x08001d8d   Thumb Code    62  gd32f4xx_dma.o(i.dma_interrupt_disable)
    dma_interrupt_enable                     0x08001dcb   Thumb Code    62  gd32f4xx_dma.o(i.dma_interrupt_enable)
    dma_interrupt_flag_clear                 0x08001e09   Thumb Code    62  gd32f4xx_dma.o(i.dma_interrupt_flag_clear)
    dma_interrupt_flag_get                   0x08001e47   Thumb Code   600  gd32f4xx_dma.o(i.dma_interrupt_flag_get)
    dma_memory_address_config                0x0800209f   Thumb Code    32  gd32f4xx_dma.o(i.dma_memory_address_config)
    dma_single_data_mode_init                0x080020c1   Thumb Code   340  gd32f4xx_dma.o(i.dma_single_data_mode_init)
    dma_single_data_para_struct_init         0x08002219   Thumb Code    34  gd32f4xx_dma.o(i.dma_single_data_para_struct_init)
    dma_transfer_number_config               0x0800223b   Thumb Code    16  gd32f4xx_dma.o(i.dma_transfer_number_config)
    dma_transfer_number_get                  0x0800224b   Thumb Code    16  gd32f4xx_dma.o(i.dma_transfer_number_get)
    flash_bus_clear_error                    0x0800225d   Thumb Code     8  flash_bsp.o(i.flash_bus_clear_error)
    flash_bus_deselect                       0x08002269   Thumb Code    14  flash_bsp.o(i.flash_bus_deselect)
    flash_bus_init                           0x0800227d   Thumb Code   152  flash_bsp.o(i.flash_bus_init)
    flash_bus_select                         0x0800231d   Thumb Code    14  flash_bsp.o(i.flash_bus_select)
    flash_bus_transfer                       0x08002331   Thumb Code    50  flash_bsp.o(i.flash_bus_transfer)
    flash_get_info                           0x08002369   Thumb Code    16  gd25qxx.o(i.flash_get_info)
    flash_init                               0x0800237d   Thumb Code    86  gd25qxx.o(i.flash_init)
    flash_read_id                            0x080023d9   Thumb Code    54  gd25qxx.o(i.flash_read_id)
    gd30_app_init                            0x08002481   Thumb Code    68  gd30_app.o(i.gd30_app_init)
    gd30_bus_init                            0x080024d9   Thumb Code   136  gd30_bsp.o(i.gd30_bus_init)
    gd30_get_pt100                           0x080025ad   Thumb Code    70  gd30_app.o(i.gd30_get_pt100)
    gd30_make_config                         0x080025f9   Thumb Code    62  gd30ad3344.o(i.gd30_make_config)
    gd30_pga_full_scale_microvolt            0x08002639   Thumb Code    16  gd30ad3344.o(i.gd30_pga_full_scale_microvolt)
    gd30_rate_wait_ms                        0x0800264d   Thumb Code    16  gd30ad3344.o(i.gd30_rate_wait_ms)
    gd30_sample_to_microvolt                 0x0800273d   Thumb Code    42  gd30ad3344.o(i.gd30_sample_to_microvolt)
    gd30_task                                0x080027fd   Thumb Code   120  gd30_app.o(i.gd30_task)
    gd30_transfer16                          0x0800288d   Thumb Code    46  gd30_bsp.o(i.gd30_transfer16)
    gd30_transfer16_sequence                 0x080028c1   Thumb Code    86  gd30_bsp.o(i.gd30_transfer16_sequence)
    gpio_af_set                              0x08002981   Thumb Code    94  gd32f4xx_gpio.o(i.gpio_af_set)
    gpio_bit_reset                           0x080029df   Thumb Code     4  gd32f4xx_gpio.o(i.gpio_bit_reset)
    gpio_bit_set                             0x080029e3   Thumb Code     4  gd32f4xx_gpio.o(i.gpio_bit_set)
    gpio_bit_write                           0x080029e7   Thumb Code    10  gd32f4xx_gpio.o(i.gpio_bit_write)
    gpio_input_bit_get                       0x080029f1   Thumb Code    18  gd32f4xx_gpio.o(i.gpio_input_bit_get)
    gpio_mode_set                            0x08002a03   Thumb Code    78  gd32f4xx_gpio.o(i.gpio_mode_set)
    gpio_output_options_set                  0x08002a51   Thumb Code    66  gd32f4xx_gpio.o(i.gpio_output_options_set)
    i2c_ack_config                           0x08002a93   Thumb Code    16  gd32f4xx_i2c.o(i.i2c_ack_config)
    i2c_clock_config                         0x08002aa5   Thumb Code   216  gd32f4xx_i2c.o(i.i2c_clock_config)
    i2c_deinit                               0x08002b89   Thumb Code    84  gd32f4xx_i2c.o(i.i2c_deinit)
    i2c_dma_config                           0x08002be1   Thumb Code    16  gd32f4xx_i2c.o(i.i2c_dma_config)
    i2c_dma_last_transfer_config             0x08002bf1   Thumb Code    16  gd32f4xx_i2c.o(i.i2c_dma_last_transfer_config)
    i2c_enable                               0x08002c01   Thumb Code    10  gd32f4xx_i2c.o(i.i2c_enable)
    i2c_flag_clear                           0x08002c0b   Thumb Code    40  gd32f4xx_i2c.o(i.i2c_flag_clear)
    i2c_flag_get                             0x08002c33   Thumb Code    30  gd32f4xx_i2c.o(i.i2c_flag_get)
    i2c_master_addressing                    0x08002c51   Thumb Code    20  gd32f4xx_i2c.o(i.i2c_master_addressing)
    i2c_mode_addr_config                     0x08002c65   Thumb Code    28  gd32f4xx_i2c.o(i.i2c_mode_addr_config)
    i2c_start_on_bus                         0x08002c81   Thumb Code    10  gd32f4xx_i2c.o(i.i2c_start_on_bus)
    i2c_stop_on_bus                          0x08002c8b   Thumb Code    10  gd32f4xx_i2c.o(i.i2c_stop_on_bus)
    led_app_init                             0x08002c95   Thumb Code    44  led_app.o(i.led_app_init)
    led_app_tick_1ms                         0x08002cc5   Thumb Code   100  led_app.o(i.led_app_tick_1ms)
    led_app_toggle                           0x08002d2d   Thumb Code    74  led_app.o(i.led_app_toggle)
    led_init                                 0x08002d7d   Thumb Code    50  led_bsp.o(i.led_init)
    led_set                                  0x08002ddd   Thumb Code    42  led_bsp.o(i.led_set)
    main                                     0x08002e19   Thumb Code   308  main.o(i.main)
    nvic_irq_enable                          0x08003115   Thumb Code   254  gd32f4xx_misc.o(i.nvic_irq_enable)
    nvic_priority_group_set                  0x0800321d   Thumb Code    10  gd32f4xx_misc.o(i.nvic_priority_group_set)
    nvic_vector_table_set                    0x08003231   Thumb Code    16  gd32f4xx_misc.o(i.nvic_vector_table_set)
    oled_bus_init                            0x08003249   Thumb Code   196  oled_bsp.o(i.oled_bus_init)
    oled_bus_write                           0x08003321   Thumb Code    82  oled_bsp.o(i.oled_bus_write)
    oled_clear                               0x08003381   Thumb Code    30  oled.o(i.oled_clear)
    oled_fill_rect                           0x0800374d   Thumb Code   198  oled.o(i.oled_fill_rect)
    oled_init                                0x08003a05   Thumb Code    70  oled.o(i.oled_init)
    oled_service                             0x08003c01   Thumb Code   152  oled.o(i.oled_service)
    oled_show_string                         0x08003cad   Thumb Code   184  oled.o(i.oled_show_string)
    oled_task                                0x08003d91   Thumb Code    12  oled_app.o(i.oled_task)
    oled_text_printf                         0x08003d9d   Thumb Code    76  oled.o(i.oled_text_printf)
    oled_text_show                           0x08003de9   Thumb Code   186  oled.o(i.oled_text_show)
    oled_update                              0x08003f6d   Thumb Code    18  oled.o(i.oled_update)
    pmu_backup_write_enable                  0x0800414d   Thumb Code    14  gd32f4xx_pmu.o(i.pmu_backup_write_enable)
    rcu_all_reset_flag_clear                 0x08004391   Thumb Code    14  gd32f4xx_rcu.o(i.rcu_all_reset_flag_clear)
    rcu_bkp_reset_disable                    0x080043a5   Thumb Code    14  gd32f4xx_rcu.o(i.rcu_bkp_reset_disable)
    rcu_bkp_reset_enable                     0x080043b9   Thumb Code    14  gd32f4xx_rcu.o(i.rcu_bkp_reset_enable)
    rcu_clock_freq_get                       0x080043cd   Thumb Code   264  gd32f4xx_rcu.o(i.rcu_clock_freq_get)
    rcu_flag_get                             0x080044f1   Thumb Code    36  gd32f4xx_rcu.o(i.rcu_flag_get)
    rcu_lxtal_drive_capability_config        0x08004519   Thumb Code    18  gd32f4xx_rcu.o(i.rcu_lxtal_drive_capability_config)
    rcu_osci_on                              0x08004531   Thumb Code    32  gd32f4xx_rcu.o(i.rcu_osci_on)
    rcu_osci_stab_wait                       0x08004555   Thumb Code   342  gd32f4xx_rcu.o(i.rcu_osci_stab_wait)
    rcu_periph_clock_enable                  0x080046b1   Thumb Code    32  gd32f4xx_rcu.o(i.rcu_periph_clock_enable)
    rcu_periph_reset_disable                 0x080046d5   Thumb Code    32  gd32f4xx_rcu.o(i.rcu_periph_reset_disable)
    rcu_periph_reset_enable                  0x080046f9   Thumb Code    32  gd32f4xx_rcu.o(i.rcu_periph_reset_enable)
    rcu_rtc_clock_config                     0x0800471d   Thumb Code    18  gd32f4xx_rcu.o(i.rcu_rtc_clock_config)
    ring_buffer_available                    0x08004735   Thumb Code    12  ring_buffer.o(i.ring_buffer_available)
    ring_buffer_drop                         0x08004741   Thumb Code    36  ring_buffer.o(i.ring_buffer_drop)
    ring_buffer_init                         0x08004765   Thumb Code    50  ring_buffer.o(i.ring_buffer_init)
    ring_buffer_is_full                      0x08004797   Thumb Code    24  ring_buffer.o(i.ring_buffer_is_full)
    ring_buffer_read                         0x080047b9   Thumb Code    70  ring_buffer.o(i.ring_buffer_read)
    ring_buffer_read_linear                  0x080047ff   Thumb Code    40  ring_buffer.o(i.ring_buffer_read_linear)
    ring_buffer_read_ptr                     0x08004827   Thumb Code    24  ring_buffer.o(i.ring_buffer_read_ptr)
    ring_buffer_write                        0x08004851   Thumb Code    72  ring_buffer.o(i.ring_buffer_write)
    rtc_app_init                             0x08004899   Thumb Code     8  rtc_app.o(i.rtc_app_init)
    rtc_bypass_shadow_enable                 0x080048b5   Thumb Code    34  gd32f4xx_rtc.o(i.rtc_bypass_shadow_enable)
    rtc_clock_init                           0x08004965   Thumb Code    92  rtc_bsp.o(i.rtc_clock_init)
    rtc_current_time_get                     0x08004ad5   Thumb Code    96  gd32f4xx_rtc.o(i.rtc_current_time_get)
    rtc_get_time                             0x08004c89   Thumb Code    42  rtc_app.o(i.rtc_get_time)
    rtc_init_mode_enter                      0x08004cb9   Thumb Code    66  gd32f4xx_rtc.o(i.rtc_init_mode_enter)
    rtc_init_mode_exit                       0x08004d01   Thumb Code    14  gd32f4xx_rtc.o(i.rtc_init_mode_exit)
    rtc_read_datetime                        0x08004d89   Thumb Code    60  rtc_bsp.o(i.rtc_read_datetime)
    rtc_register_sync_wait                   0x08004dc9   Thumb Code    92  gd32f4xx_rtc.o(i.rtc_register_sync_wait)
    rtc_source_name                          0x08004e39   Thumb Code    28  rtc_bsp.o(i.rtc_source_name)
    rtc_task                                 0x08004e71   Thumb Code   106  rtc_app.o(i.rtc_task)
    scheduler_init                           0x0800500d   Thumb Code    32  scheduler.o(i.scheduler_init)
    scheduler_run                            0x08005031   Thumb Code   140  scheduler.o(i.scheduler_run)
    sd_app_init                              0x080050c1   Thumb Code    22  sd_app.o(i.sd_app_init)
    sd_interrupts_process                    0x080050dd   Thumb Code   286  sdio_sdcard.o(i.sd_interrupts_process)
    sd_transfer_stop                         0x0800520d   Thumb Code    36  sdio_sdcard.o(i.sd_transfer_stop)
    sdio_command_index_get                   0x08005231   Thumb Code     8  gd32f4xx_sdio.o(i.sdio_command_index_get)
    sdio_command_response_config             0x0800523d   Thumb Code    52  gd32f4xx_sdio.o(i.sdio_command_response_config)
    sdio_csm_enable                          0x08005275   Thumb Code    14  gd32f4xx_sdio.o(i.sdio_csm_enable)
    sdio_flag_clear                          0x08005289   Thumb Code     6  gd32f4xx_sdio.o(i.sdio_flag_clear)
    sdio_interrupt_disable                   0x08005295   Thumb Code    12  gd32f4xx_sdio.o(i.sdio_interrupt_disable)
    sdio_interrupt_flag_clear                0x080052a5   Thumb Code     6  gd32f4xx_sdio.o(i.sdio_interrupt_flag_clear)
    sdio_interrupt_flag_get                  0x080052b1   Thumb Code    16  gd32f4xx_sdio.o(i.sdio_interrupt_flag_get)
    sdio_response_get                        0x080052c5   Thumb Code    56  gd32f4xx_sdio.o(i.sdio_response_get)
    sdio_wait_type_set                       0x08005301   Thumb Code    22  gd32f4xx_sdio.o(i.sdio_wait_type_set)
    spi_enable                               0x0800531d   Thumb Code    10  gd32f4xx_spi.o(i.spi_enable)
    spi_i2s_data_receive                     0x08005327   Thumb Code     8  gd32f4xx_spi.o(i.spi_i2s_data_receive)
    spi_i2s_data_transmit                    0x0800532f   Thumb Code     4  gd32f4xx_spi.o(i.spi_i2s_data_transmit)
    spi_i2s_deinit                           0x08005335   Thumb Code   162  gd32f4xx_spi.o(i.spi_i2s_deinit)
    spi_i2s_flag_get                         0x080053e1   Thumb Code    18  gd32f4xx_spi.o(i.spi_i2s_flag_get)
    spi_init                                 0x080053f3   Thumb Code    50  gd32f4xx_spi.o(i.spi_init)
    systick_config                           0x0800553d   Thumb Code    74  systick.o(i.systick_config)
    systick_get_ms                           0x0800558d   Thumb Code     6  systick.o(i.systick_get_ms)
    uart_app_init                            0x08005599   Thumb Code    12  usart_app.o(i.uart_app_init)
    uart_init                                0x0800560d   Thumb Code   184  usart_bsp.o(i.uart_init)
    uart_irq_handler                         0x080056dd   Thumb Code    24  usart_bsp.o(i.uart_irq_handler)
    uart_poll                                0x080056fd   Thumb Code   122  usart_bsp.o(i.uart_poll)
    uart_printf                              0x08005789   Thumb Code    70  usart_app.o(i.uart_printf)
    uart_read                                0x080057d1   Thumb Code    52  usart_bsp.o(i.uart_read)
    uart_task                                0x08005891   Thumb Code    48  usart_app.o(i.uart_task)
    uart_tx_dma_irq_handler                  0x080058c1   Thumb Code    38  usart_bsp.o(i.uart_tx_dma_irq_handler)
    uart_write                               0x080058ed   Thumb Code    68  usart_bsp.o(i.uart_write)
    usart_baudrate_set                       0x08005939   Thumb Code   224  gd32f4xx_usart.o(i.usart_baudrate_set)
    usart_data_receive                       0x08005a21   Thumb Code    10  gd32f4xx_usart.o(i.usart_data_receive)
    usart_deinit                             0x08005a2d   Thumb Code   210  gd32f4xx_usart.o(i.usart_deinit)
    usart_dma_receive_config                 0x08005b09   Thumb Code    20  gd32f4xx_usart.o(i.usart_dma_receive_config)
    usart_dma_transmit_config                0x08005b1d   Thumb Code    20  gd32f4xx_usart.o(i.usart_dma_transmit_config)
    usart_enable                             0x08005b31   Thumb Code    10  gd32f4xx_usart.o(i.usart_enable)
    usart_interrupt_enable                   0x08005b4d   Thumb Code    26  gd32f4xx_usart.o(i.usart_interrupt_enable)
    usart_interrupt_flag_get                 0x08005b67   Thumb Code    58  gd32f4xx_usart.o(i.usart_interrupt_flag_get)
    usart_receive_config                     0x08005ba1   Thumb Code    16  gd32f4xx_usart.o(i.usart_receive_config)
    usart_transmit_config                    0x08005c15   Thumb Code    16  gd32f4xx_usart.o(i.usart_transmit_config)
    F6X8                                     0x08005e54   Data         552  oled.o(.constdata)
    Hzk                                      0x0800666c   Data         128  oled.o(.constdata)
    Hzb                                      0x080066ec   Data         512  oled.o(.constdata)
    Region$$Table$$Base                      0x08006908   Number         0  anon$$obj.o(Region$$Table)
    Region$$Table$$Limit                     0x08006928   Number         0  anon$$obj.o(Region$$Table)
    SystemCoreClock                          0x20000168   Data           4  system_gd32f4xx.o(.data)
    sd_scr                                   0x200001a8   Data           8  sdio_sdcard.o(.data)
    __initial_sp                             0x20001dd0   Data           0  startup_gd32f450_470.o(STACK)



==============================================================================

Memory Map of the image

  Image Entry point : 0x080001ad

  Load Region LR_IROM1 (Base: 0x08000000, Size: 0x00006af4, Max: 0x00080000, ABSOLUTE, COMPRESSED[0x00006970])

    Execution Region ER_IROM1 (Exec base: 0x08000000, Load base: 0x08000000, Size: 0x00006928, Max: 0x00080000, ABSOLUTE)

    Exec Addr    Load Addr    Size         Type   Attr      Idx    E Section Name        Object

    0x08000000   0x08000000   0x000001ac   Data   RO         8096    RESET               startup_gd32f450_470.o
    0x080001ac   0x080001ac   0x00000000   Code   RO         8101  * .ARM.Collect$$$$00000000  mc_w.l(entry.o)
    0x080001ac   0x080001ac   0x00000004   Code   RO         8146    .ARM.Collect$$$$00000001  mc_w.l(entry2.o)
    0x080001b0   0x080001b0   0x00000004   Code   RO         8149    .ARM.Collect$$$$00000004  mc_w.l(entry5.o)
    0x080001b4   0x080001b4   0x00000000   Code   RO         8151    .ARM.Collect$$$$00000008  mc_w.l(entry7b.o)
    0x080001b4   0x080001b4   0x00000000   Code   RO         8153    .ARM.Collect$$$$0000000A  mc_w.l(entry8b.o)
    0x080001b4   0x080001b4   0x00000008   Code   RO         8154    .ARM.Collect$$$$0000000B  mc_w.l(entry9a.o)
    0x080001bc   0x080001bc   0x00000004   Code   RO         8161    .ARM.Collect$$$$0000000E  mc_w.l(entry12b.o)
    0x080001c0   0x080001c0   0x00000000   Code   RO         8156    .ARM.Collect$$$$0000000F  mc_w.l(entry10a.o)
    0x080001c0   0x080001c0   0x00000000   Code   RO         8158    .ARM.Collect$$$$00000011  mc_w.l(entry11a.o)
    0x080001c0   0x080001c0   0x00000004   Code   RO         8147    .ARM.Collect$$$$00002712  mc_w.l(entry2.o)
    0x080001c4   0x080001c4   0x00000024   Code   RO         8097    .text               startup_gd32f450_470.o
    0x080001e8   0x080001e8   0x00000062   Code   RO         8104    .text               mc_w.l(ldiv.o)
    0x0800024a   0x0800024a   0x00000024   Code   RO         8106    .text               mc_w.l(memcpya.o)
    0x0800026e   0x0800026e   0x00000024   Code   RO         8108    .text               mc_w.l(memseta.o)
    0x08000292   0x08000292   0x00000018   Code   RO         8110    .text               mc_w.l(strncpy.o)
    0x080002aa   0x080002aa   0x0000002c   Code   RO         8163    .text               mc_w.l(uidiv.o)
    0x080002d6   0x080002d6   0x00000062   Code   RO         8165    .text               mc_w.l(uldiv.o)
    0x08000338   0x08000338   0x00000000   Code   RO         8167    .text               mc_w.l(iusefp.o)
    0x08000338   0x08000338   0x0000014e   Code   RO         8168    .text               mf_w.l(dadd.o)
    0x08000486   0x08000486   0x000000e4   Code   RO         8170    .text               mf_w.l(dmul.o)
    0x0800056a   0x0800056a   0x000000de   Code   RO         8172    .text               mf_w.l(ddiv.o)
    0x08000648   0x08000648   0x00000030   Code   RO         8174    .text               mf_w.l(dfixul.o)
    0x08000678   0x08000678   0x00000030   Code   RO         8176    .text               mf_w.l(cdrcmple.o)
    0x080006a8   0x080006a8   0x00000024   Code   RO         8178    .text               mc_w.l(init.o)
    0x080006cc   0x080006cc   0x0000001e   Code   RO         8180    .text               mc_w.l(llshl.o)
    0x080006ea   0x080006ea   0x00000020   Code   RO         8182    .text               mc_w.l(llushr.o)
    0x0800070a   0x0800070a   0x00000024   Code   RO         8184    .text               mc_w.l(llsshr.o)
    0x0800072e   0x0800072e   0x000000ba   Code   RO         8186    .text               mf_w.l(depilogue.o)
    0x080007e8   0x080007e8   0x00000056   Code   RO         8196    .text               mc_w.l(__dczerorl2.o)
    0x0800083e   0x0800083e   0x00000004   Code   RO          849    i.BusFault_Handler  gd32f4xx_it.o
    0x08000842   0x08000842   0x00000008   Code   RO          850    i.DMA1_Channel7_IRQHandler  gd32f4xx_it.o
    0x0800084a   0x0800084a   0x00000004   Code   RO          851    i.DebugMon_Handler  gd32f4xx_it.o
    0x0800084e   0x0800084e   0x00000004   Code   RO          852    i.HardFault_Handler  gd32f4xx_it.o
    0x08000852   0x08000852   0x00000004   Code   RO          853    i.MemManage_Handler  gd32f4xx_it.o
    0x08000856   0x08000856   0x00000004   Code   RO          854    i.NMI_Handler       gd32f4xx_it.o
    0x0800085a   0x0800085a   0x00000002   PAD
    0x0800085c   0x0800085c   0x00000028   Code   RO          800    i.NVIC_SetPriority  systick.o
    0x08000884   0x08000884   0x00000004   Code   RO          855    i.PendSV_Handler    gd32f4xx_it.o
    0x08000888   0x08000888   0x00000008   Code   RO          856    i.SDIO_IRQHandler   gd32f4xx_it.o
    0x08000890   0x08000890   0x00000004   Code   RO          857    i.SVC_Handler       gd32f4xx_it.o
    0x08000894   0x08000894   0x0000000c   Code   RO          858    i.SysTick_Handler   gd32f4xx_it.o
    0x080008a0   0x080008a0   0x00000188   Code   RO          939    i.SystemInit        system_gd32f4xx.o
    0x08000a28   0x08000a28   0x00000008   Code   RO          859    i.USART0_IRQHandler  gd32f4xx_it.o
    0x08000a30   0x08000a30   0x00000004   Code   RO          860    i.UsageFault_Handler  gd32f4xx_it.o
    0x08000a34   0x08000a34   0x00000034   Code   RO         8124    i.__0vsnprintf      mc_w.l(printfa.o)
    0x08000a68   0x08000a68   0x0000000e   Code   RO         8190    i.__scatterload_copy  mc_w.l(handlers.o)
    0x08000a76   0x08000a76   0x00000002   Code   RO         8191    i.__scatterload_null  mc_w.l(handlers.o)
    0x08000a78   0x08000a78   0x0000000e   Code   RO         8192    i.__scatterload_zeroinit  mc_w.l(handlers.o)
    0x08000a86   0x08000a86   0x00000002   PAD
    0x08000a88   0x08000a88   0x00000184   Code   RO         8126    i._fp_digits        mc_w.l(printfa.o)
    0x08000c0c   0x08000c0c   0x000006b4   Code   RO         8127    i._printf_core      mc_w.l(printfa.o)
    0x080012c0   0x080012c0   0x00000024   Code   RO         8128    i._printf_post_padding  mc_w.l(printfa.o)
    0x080012e4   0x080012e4   0x0000002e   Code   RO         8129    i._printf_pre_padding  mc_w.l(printfa.o)
    0x08001312   0x08001312   0x00000016   Code   RO         8130    i._snputc           mc_w.l(printfa.o)
    0x08001328   0x08001328   0x0000001c   Code   RO          940    i._soft_delay_      system_gd32f4xx.o
    0x08001344   0x08001344   0x00000008   Code   RO            1    i.adc_app_init      adc_app.o
    0x0800134c   0x0800134c   0x0000002a   Code   RO         2624    i.adc_calibration_enable  gd32f4xx_adc.o
    0x08001376   0x08001376   0x00000052   Code   RO         2626    i.adc_channel_length_config  gd32f4xx_adc.o
    0x080013c8   0x080013c8   0x00000024   Code   RO         2627    i.adc_clock_config  gd32f4xx_adc.o
    0x080013ec   0x080013ec   0x00000016   Code   RO         2628    i.adc_data_alignment_config  gd32f4xx_adc.o
    0x08001402   0x08001402   0x0000000a   Code   RO         2633    i.adc_dma_mode_enable  gd32f4xx_adc.o
    0x0800140c   0x0800140c   0x0000000a   Code   RO         2635    i.adc_dma_request_after_last_enable  gd32f4xx_adc.o
    0x08001416   0x08001416   0x00000012   Code   RO         2636    i.adc_enable        gd32f4xx_adc.o
    0x08001428   0x08001428   0x00000034   Code   RO         2638    i.adc_external_trigger_config  gd32f4xx_adc.o
    0x0800145c   0x0800145c   0x0000001c   Code   RO            2    i.adc_get_data      adc_app.o
    0x08001478   0x08001478   0x00000118   Code   RO          991    i.adc_init          adc_bsp.o
    0x08001590   0x08001590   0x0000000c   Code   RO          992    i.adc_read          adc_bsp.o
    0x0800159c   0x0800159c   0x000000ac   Code   RO         2654    i.adc_routine_channel_config  gd32f4xx_adc.o
    0x08001648   0x08001648   0x00000024   Code   RO         2657    i.adc_software_trigger_enable  gd32f4xx_adc.o
    0x0800166c   0x0800166c   0x0000005a   Code   RO         2658    i.adc_special_function_config  gd32f4xx_adc.o
    0x080016c6   0x080016c6   0x00000002   PAD
    0x080016c8   0x080016c8   0x00000024   Code   RO         2663    i.adc_sync_mode_config  gd32f4xx_adc.o
    0x080016ec   0x080016ec   0x0000002c   Code   RO            3    i.adc_task          adc_app.o
    0x08001718   0x08001718   0x00000014   Code   RO            4    i.adc_to_millivolt  adc_app.o
    0x0800172c   0x0800172c   0x00000020   Code   RO           75    i.btn_app_init      btn_app.o
    0x0800174c   0x0800174c   0x00000030   Code   RO           76    i.btn_event         btn_app.o
    0x0800177c   0x0800177c   0x00000050   Code   RO         1344    i.btn_init          btn_bsp.o
    0x080017cc   0x080017cc   0x0000000e   Code   RO         1345    i.btn_is_valid      btn_bsp.o
    0x080017da   0x080017da   0x00000002   PAD
    0x080017dc   0x080017dc   0x00000034   Code   RO         1346    i.btn_read          btn_bsp.o
    0x08001810   0x08001810   0x00000012   Code   RO           77    i.btn_read_state    btn_app.o
    0x08001822   0x08001822   0x0000000e   Code   RO           78    i.btn_task          btn_app.o
    0x08001830   0x08001830   0x00000046   Code   RO           79    i.btn_toggle_led    btn_app.o
    0x08001876   0x08001876   0x00000002   PAD
    0x08001878   0x08001878   0x00000090   Code   RO         1972    i.button_init       button.o
    0x08001908   0x08001908   0x00000028   Code   RO         1973    i.button_is_pressed  button.o
    0x08001930   0x08001930   0x000000a8   Code   RO         1974    i.button_scan       button.o
    0x080019d8   0x080019d8   0x0000001c   Code   RO         1975    i.button_send_event  button.o
    0x080019f4   0x080019f4   0x00000008   Code   RO           43    i.dac_app_init      dac_app.o
    0x080019fc   0x080019fc   0x00000040   Code   RO         3286    i.dac_data_set      gd32f4xx_dac.o
    0x08001a3c   0x08001a3c   0x00000028   Code   RO         3287    i.dac_deinit        gd32f4xx_dac.o
    0x08001a64   0x08001a64   0x0000001a   Code   RO         3289    i.dac_dma_disable   gd32f4xx_dac.o
    0x08001a7e   0x08001a7e   0x0000001a   Code   RO         3291    i.dac_enable        gd32f4xx_dac.o
    0x08001a98   0x08001a98   0x00000058   Code   RO         1019    i.dac_init          dac_bsp.o
    0x08001af0   0x08001af0   0x00000020   Code   RO           45    i.dac_task          dac_app.o
    0x08001b10   0x08001b10   0x0000001a   Code   RO         3304    i.dac_trigger_disable  gd32f4xx_dac.o
    0x08001b2a   0x08001b2a   0x00000028   Code   RO         3307    i.dac_wave_mode_config  gd32f4xx_dac.o
    0x08001b52   0x08001b52   0x00000002   PAD
    0x08001b54   0x08001b54   0x00000028   Code   RO         1021    i.dac_write         dac_bsp.o
    0x08001b7c   0x08001b7c   0x00000014   Code   RO          801    i.delay_1ms         systick.o
    0x08001b90   0x08001b90   0x00000024   Code   RO          802    i.delay_decrement   systick.o
    0x08001bb4   0x08001bb4   0x00000020   Code   RO         3664    i.dma_channel_disable  gd32f4xx_dma.o
    0x08001bd4   0x08001bd4   0x00000020   Code   RO         3665    i.dma_channel_enable  gd32f4xx_dma.o
    0x08001bf4   0x08001bf4   0x00000026   Code   RO         3666    i.dma_channel_subperipheral_select  gd32f4xx_dma.o
    0x08001c1a   0x08001c1a   0x00000020   Code   RO         3667    i.dma_circulation_disable  gd32f4xx_dma.o
    0x08001c3a   0x08001c3a   0x00000020   Code   RO         3668    i.dma_circulation_enable  gd32f4xx_dma.o
    0x08001c5a   0x08001c5a   0x000000a6   Code   RO         3669    i.dma_deinit        gd32f4xx_dma.o
    0x08001d00   0x08001d00   0x0000003e   Code   RO         3671    i.dma_flag_clear    gd32f4xx_dma.o
    0x08001d3e   0x08001d3e   0x0000004e   Code   RO         3672    i.dma_flag_get      gd32f4xx_dma.o
    0x08001d8c   0x08001d8c   0x0000003e   Code   RO         3674    i.dma_interrupt_disable  gd32f4xx_dma.o
    0x08001dca   0x08001dca   0x0000003e   Code   RO         3675    i.dma_interrupt_enable  gd32f4xx_dma.o
    0x08001e08   0x08001e08   0x0000003e   Code   RO         3676    i.dma_interrupt_flag_clear  gd32f4xx_dma.o
    0x08001e46   0x08001e46   0x00000258   Code   RO         3677    i.dma_interrupt_flag_get  gd32f4xx_dma.o
    0x0800209e   0x0800209e   0x00000020   Code   RO         3678    i.dma_memory_address_config  gd32f4xx_dma.o
    0x080020be   0x080020be   0x00000002   PAD
    0x080020c0   0x080020c0   0x00000158   Code   RO         3689    i.dma_single_data_mode_init  gd32f4xx_dma.o
    0x08002218   0x08002218   0x00000022   Code   RO         3690    i.dma_single_data_para_struct_init  gd32f4xx_dma.o
    0x0800223a   0x0800223a   0x00000010   Code   RO         3694    i.dma_transfer_number_config  gd32f4xx_dma.o
    0x0800224a   0x0800224a   0x00000010   Code   RO         3695    i.dma_transfer_number_get  gd32f4xx_dma.o
    0x0800225a   0x0800225a   0x00000002   PAD
    0x0800225c   0x0800225c   0x0000000c   Code   RO         1525    i.flash_bus_clear_error  flash_bsp.o
    0x08002268   0x08002268   0x00000014   Code   RO         1526    i.flash_bus_deselect  flash_bsp.o
    0x0800227c   0x0800227c   0x000000a0   Code   RO         1527    i.flash_bus_init    flash_bsp.o
    0x0800231c   0x0800231c   0x00000014   Code   RO         1530    i.flash_bus_select  flash_bsp.o
    0x08002330   0x08002330   0x00000038   Code   RO         1531    i.flash_bus_transfer  flash_bsp.o
    0x08002368   0x08002368   0x00000014   Code   RO         1646    i.flash_get_info    gd25qxx.o
    0x0800237c   0x0800237c   0x0000005c   Code   RO         1647    i.flash_init        gd25qxx.o
    0x080023d8   0x080023d8   0x00000036   Code   RO         1651    i.flash_read_id     gd25qxx.o
    0x0800240e   0x0800240e   0x00000002   PAD
    0x08002410   0x08002410   0x00000038   Code   RO         1655    i.flash_size_from_id  gd25qxx.o
    0x08002448   0x08002448   0x00000038   Code   RO         1533    i.flash_wait_flag   flash_bsp.o
    0x08002480   0x08002480   0x00000058   Code   RO          662    i.gd30_app_init     gd30_app.o
    0x080024d8   0x080024d8   0x00000090   Code   RO         1597    i.gd30_bus_init     gd30_bsp.o
    0x08002568   0x08002568   0x00000010   Code   RO         1598    i.gd30_deselect     gd30_bsp.o
    0x08002578   0x08002578   0x00000034   Code   RO          663    i.gd30_enable_external_reference  gd30_app.o
    0x080025ac   0x080025ac   0x0000004c   Code   RO          666    i.gd30_get_pt100    gd30_app.o
    0x080025f8   0x080025f8   0x0000003e   Code   RO         1750    i.gd30_make_config  gd30ad3344.o
    0x08002636   0x08002636   0x00000002   PAD
    0x08002638   0x08002638   0x00000014   Code   RO         1751    i.gd30_pga_full_scale_microvolt  gd30ad3344.o
    0x0800264c   0x0800264c   0x00000014   Code   RO         1752    i.gd30_rate_wait_ms  gd30ad3344.o
    0x08002660   0x08002660   0x00000034   Code   RO          667    i.gd30_read_extended_register  gd30_app.o
    0x08002694   0x08002694   0x000000a8   Code   RO          668    i.gd30_report       gd30_app.o
    0x0800273c   0x0800273c   0x0000002a   Code   RO         1753    i.gd30_sample_to_microvolt  gd30ad3344.o
    0x08002766   0x08002766   0x00000002   PAD
    0x08002768   0x08002768   0x00000064   Code   RO          669    i.gd30_save_sample  gd30_app.o
    0x080027cc   0x080027cc   0x00000010   Code   RO         1599    i.gd30_select       gd30_bsp.o
    0x080027dc   0x080027dc   0x00000020   Code   RO          670    i.gd30_step_config  gd30_app.o
    0x080027fc   0x080027fc   0x00000090   Code   RO          671    i.gd30_task         gd30_app.o
    0x0800288c   0x0800288c   0x00000034   Code   RO         1600    i.gd30_transfer16   gd30_bsp.o
    0x080028c0   0x080028c0   0x0000005c   Code   RO         1601    i.gd30_transfer16_sequence  gd30_bsp.o
    0x0800291c   0x0800291c   0x00000038   Code   RO         1602    i.gd30_transfer8    gd30_bsp.o
    0x08002954   0x08002954   0x0000002c   Code   RO          672    i.gd30_write_extended_register  gd30_app.o
    0x08002980   0x08002980   0x0000005e   Code   RO         5083    i.gpio_af_set       gd32f4xx_gpio.o
    0x080029de   0x080029de   0x00000004   Code   RO         5084    i.gpio_bit_reset    gd32f4xx_gpio.o
    0x080029e2   0x080029e2   0x00000004   Code   RO         5085    i.gpio_bit_set      gd32f4xx_gpio.o
    0x080029e6   0x080029e6   0x0000000a   Code   RO         5087    i.gpio_bit_write    gd32f4xx_gpio.o
    0x080029f0   0x080029f0   0x00000012   Code   RO         5089    i.gpio_input_bit_get  gd32f4xx_gpio.o
    0x08002a02   0x08002a02   0x0000004e   Code   RO         5091    i.gpio_mode_set     gd32f4xx_gpio.o
    0x08002a50   0x08002a50   0x00000042   Code   RO         5093    i.gpio_output_options_set  gd32f4xx_gpio.o
    0x08002a92   0x08002a92   0x00000010   Code   RO         5187    i.i2c_ack_config    gd32f4xx_i2c.o
    0x08002aa2   0x08002aa2   0x00000002   PAD
    0x08002aa4   0x08002aa4   0x000000e4   Code   RO         5191    i.i2c_clock_config  gd32f4xx_i2c.o
    0x08002b88   0x08002b88   0x00000058   Code   RO         5194    i.i2c_deinit        gd32f4xx_i2c.o
    0x08002be0   0x08002be0   0x00000010   Code   RO         5197    i.i2c_dma_config    gd32f4xx_i2c.o
    0x08002bf0   0x08002bf0   0x00000010   Code   RO         5198    i.i2c_dma_last_transfer_config  gd32f4xx_i2c.o
    0x08002c00   0x08002c00   0x0000000a   Code   RO         5201    i.i2c_enable        gd32f4xx_i2c.o
    0x08002c0a   0x08002c0a   0x00000028   Code   RO         5202    i.i2c_flag_clear    gd32f4xx_i2c.o
    0x08002c32   0x08002c32   0x0000001e   Code   RO         5203    i.i2c_flag_get      gd32f4xx_i2c.o
    0x08002c50   0x08002c50   0x00000014   Code   RO         5208    i.i2c_master_addressing  gd32f4xx_i2c.o
    0x08002c64   0x08002c64   0x0000001c   Code   RO         5209    i.i2c_mode_addr_config  gd32f4xx_i2c.o
    0x08002c80   0x08002c80   0x0000000a   Code   RO         5222    i.i2c_start_on_bus  gd32f4xx_i2c.o
    0x08002c8a   0x08002c8a   0x0000000a   Code   RO         5223    i.i2c_stop_on_bus   gd32f4xx_i2c.o
    0x08002c94   0x08002c94   0x00000030   Code   RO          133    i.led_app_init      led_app.o
    0x08002cc4   0x08002cc4   0x00000068   Code   RO          135    i.led_app_tick_1ms  led_app.o
    0x08002d2c   0x08002d2c   0x00000050   Code   RO          136    i.led_app_toggle    led_app.o
    0x08002d7c   0x08002d7c   0x00000038   Code   RO         1377    i.led_init          led_bsp.o
    0x08002db4   0x08002db4   0x0000000e   Code   RO          137    i.led_is_valid      led_app.o
    0x08002dc2   0x08002dc2   0x0000000e   Code   RO         1378    i.led_is_valid      led_bsp.o
    0x08002dd0   0x08002dd0   0x0000000c   Code   RO          138    i.led_lock          led_app.o
    0x08002ddc   0x08002ddc   0x00000034   Code   RO         1381    i.led_set           led_bsp.o
    0x08002e10   0x08002e10   0x00000006   Code   RO          140    i.led_unlock        led_app.o
    0x08002e16   0x08002e16   0x00000002   PAD
    0x08002e18   0x08002e18   0x000002fc   Code   RO          759    i.main              main.o
    0x08003114   0x08003114   0x00000108   Code   RO         5656    i.nvic_irq_enable   gd32f4xx_misc.o
    0x0800321c   0x0800321c   0x00000014   Code   RO         5657    i.nvic_priority_group_set  gd32f4xx_misc.o
    0x08003230   0x08003230   0x00000018   Code   RO         5658    i.nvic_vector_table_set  gd32f4xx_misc.o
    0x08003248   0x08003248   0x000000d8   Code   RO         1429    i.oled_bus_init     oled_bsp.o
    0x08003320   0x08003320   0x00000060   Code   RO         1430    i.oled_bus_write    oled_bsp.o
    0x08003380   0x08003380   0x00000028   Code   RO         1782    i.oled_clear        oled.o
    0x080033a8   0x080033a8   0x00000010   Code   RO         1783    i.oled_config_128x32  oled.o
    0x080033b8   0x080033b8   0x00000030   Code   RO         1431    i.oled_dma_int_clear_all  oled_bsp.o
    0x080033e8   0x080033e8   0x00000030   Code   RO         1432    i.oled_dma_int_disable_all  oled_bsp.o
    0x08003418   0x08003418   0x000000b0   Code   RO         1433    i.oled_dma_start    oled_bsp.o
    0x080034c8   0x080034c8   0x00000064   Code   RO         1787    i.oled_draw_char_6x8  oled.o
    0x0800352c   0x0800352c   0x00000090   Code   RO         1788    i.oled_draw_char_8x16  oled.o
    0x080035bc   0x080035bc   0x00000190   Code   RO          322    i.oled_draw_status  oled_app.o
    0x0800374c   0x0800374c   0x000000d0   Code   RO         1790    i.oled_fill_rect    oled.o
    0x0800381c   0x0800381c   0x00000048   Code   RO         1791    i.oled_find_window  oled.o
    0x08003864   0x08003864   0x00000050   Code   RO         1792    i.oled_find_window_from  oled.o
    0x080038b4   0x080038b4   0x00000044   Code   RO         1793    i.oled_flush_window  oled.o
    0x080038f8   0x080038f8   0x00000040   Code   RO         1794    i.oled_get_font_info  oled.o
    0x08003938   0x08003938   0x000000cc   Code   RO         1434    i.oled_i2c_bus_reset  oled_bsp.o
    0x08003a04   0x08003a04   0x00000060   Code   RO         1795    i.oled_init         oled.o
    0x08003a64   0x08003a64   0x0000000c   Code   RO         1796    i.oled_mark_all_dirty  oled.o
    0x08003a70   0x08003a70   0x00000040   Code   RO         1797    i.oled_mark_pages   oled.o
    0x08003ab0   0x08003ab0   0x0000001e   Code   RO         1798    i.oled_pages_to_mask  oled.o
    0x08003ace   0x08003ace   0x00000002   PAD
    0x08003ad0   0x08003ad0   0x000000d4   Code   RO         1435    i.oled_prepare_i2c  oled_bsp.o
    0x08003ba4   0x08003ba4   0x00000020   Code   RO         1799    i.oled_prepare_window_cmd  oled.o
    0x08003bc4   0x08003bc4   0x0000003c   Code   RO         1800    i.oled_prepare_window_data  oled.o
    0x08003c00   0x08003c00   0x000000ac   Code   RO         1802    i.oled_service      oled.o
    0x08003cac   0x08003cac   0x000000bc   Code   RO         1803    i.oled_show_string  oled.o
    0x08003d68   0x08003d68   0x00000028   Code   RO         1436    i.oled_stop_i2c_dma  oled_bsp.o
    0x08003d90   0x08003d90   0x0000000c   Code   RO          323    i.oled_task         oled_app.o
    0x08003d9c   0x08003d9c   0x0000004c   Code   RO         1805    i.oled_text_printf  oled.o
    0x08003de8   0x08003de8   0x000000ba   Code   RO         1806    i.oled_text_show    oled.o
    0x08003ea2   0x08003ea2   0x00000092   Code   RO         1807    i.oled_text_to_rect  oled.o
    0x08003f34   0x08003f34   0x00000038   Code   RO         1437    i.oled_tx_finish_blocking  oled_bsp.o
    0x08003f6c   0x08003f6c   0x00000018   Code   RO         1808    i.oled_update       oled.o
    0x08003f84   0x08003f84   0x00000084   Code   RO         1809    i.oled_update_dirty_sync  oled.o
    0x08004008   0x08004008   0x00000044   Code   RO         1438    i.oled_wait_addsend_or_nack  oled_bsp.o
    0x0800404c   0x0800404c   0x00000028   Code   RO         1439    i.oled_wait_dma_ftf  oled_bsp.o
    0x08004074   0x08004074   0x00000024   Code   RO         1440    i.oled_wait_i2c_flag_set  oled_bsp.o
    0x08004098   0x08004098   0x0000001c   Code   RO         1441    i.oled_wait_i2c_stop_clear  oled_bsp.o
    0x080040b4   0x080040b4   0x00000044   Code   RO         1442    i.oled_wait_i2c_tx_complete  oled_bsp.o
    0x080040f8   0x080040f8   0x00000038   Code   RO         1810    i.oled_wait_ready   oled.o
    0x08004130   0x08004130   0x0000001a   Code   RO         1812    i.oled_write_cmds   oled.o
    0x0800414a   0x0800414a   0x00000002   PAD
    0x0800414c   0x0800414c   0x00000014   Code   RO         5717    i.pmu_backup_write_enable  gd32f4xx_pmu.o
    0x08004160   0x08004160   0x0000002c   Code   RO          673    i.pt100_adc_to_centi_c  gd30_app.o
    0x0800418c   0x0800418c   0x0000003c   Code   RO          674    i.pt100_adc_to_resistance_milliohm  gd30_app.o
    0x080041c8   0x080041c8   0x00000094   Code   RO          675    i.pt100_resistance_to_centi_c  gd30_app.o
    0x0800425c   0x0800425c   0x00000084   Code   RO         2008    i.r1_error_check    sdio_sdcard.o
    0x080042e0   0x080042e0   0x000000ae   Code   RO         2009    i.r1_error_type_check  sdio_sdcard.o
    0x0800438e   0x0800438e   0x00000002   PAD
    0x08004390   0x08004390   0x00000014   Code   RO         5857    i.rcu_all_reset_flag_clear  gd32f4xx_rcu.o
    0x080043a4   0x080043a4   0x00000014   Code   RO         5860    i.rcu_bkp_reset_disable  gd32f4xx_rcu.o
    0x080043b8   0x080043b8   0x00000014   Code   RO         5861    i.rcu_bkp_reset_enable  gd32f4xx_rcu.o
    0x080043cc   0x080043cc   0x00000124   Code   RO         5865    i.rcu_clock_freq_get  gd32f4xx_rcu.o
    0x080044f0   0x080044f0   0x00000028   Code   RO         5868    i.rcu_flag_get      gd32f4xx_rcu.o
    0x08004518   0x08004518   0x00000018   Code   RO         5877    i.rcu_lxtal_drive_capability_config  gd32f4xx_rcu.o
    0x08004530   0x08004530   0x00000024   Code   RO         5881    i.rcu_osci_on       gd32f4xx_rcu.o
    0x08004554   0x08004554   0x0000015c   Code   RO         5882    i.rcu_osci_stab_wait  gd32f4xx_rcu.o
    0x080046b0   0x080046b0   0x00000024   Code   RO         5884    i.rcu_periph_clock_enable  gd32f4xx_rcu.o
    0x080046d4   0x080046d4   0x00000024   Code   RO         5887    i.rcu_periph_reset_disable  gd32f4xx_rcu.o
    0x080046f8   0x080046f8   0x00000024   Code   RO         5888    i.rcu_periph_reset_enable  gd32f4xx_rcu.o
    0x0800471c   0x0800471c   0x00000018   Code   RO         5893    i.rcu_rtc_clock_config  gd32f4xx_rcu.o
    0x08004734   0x08004734   0x0000000c   Code   RO         2218    i.ring_buffer_available  ring_buffer.o
    0x08004740   0x08004740   0x00000024   Code   RO         2219    i.ring_buffer_drop  ring_buffer.o
    0x08004764   0x08004764   0x00000032   Code   RO         2221    i.ring_buffer_init  ring_buffer.o
    0x08004796   0x08004796   0x00000018   Code   RO         2222    i.ring_buffer_is_full  ring_buffer.o
    0x080047ae   0x080047ae   0x0000000a   Code   RO         2223    i.ring_buffer_next  ring_buffer.o
    0x080047b8   0x080047b8   0x00000046   Code   RO         2224    i.ring_buffer_read  ring_buffer.o
    0x080047fe   0x080047fe   0x00000028   Code   RO         2225    i.ring_buffer_read_linear  ring_buffer.o
    0x08004826   0x08004826   0x00000018   Code   RO         2226    i.ring_buffer_read_ptr  ring_buffer.o
    0x0800483e   0x0800483e   0x00000012   Code   RO         2227    i.ring_buffer_size_valid  ring_buffer.o
    0x08004850   0x08004850   0x00000048   Code   RO         2228    i.ring_buffer_write  ring_buffer.o
    0x08004898   0x08004898   0x00000008   Code   RO          368    i.rtc_app_init      rtc_app.o
    0x080048a0   0x080048a0   0x00000014   Code   RO         1162    i.rtc_bcd_to_dec    rtc_bsp.o
    0x080048b4   0x080048b4   0x00000028   Code   RO         6160    i.rtc_bypass_shadow_enable  gd32f4xx_rtc.o
    0x080048dc   0x080048dc   0x00000048   Code   RO         1163    i.rtc_calc_weekday  rtc_bsp.o
    0x08004924   0x08004924   0x00000040   Code   RO         1164    i.rtc_clock_config  rtc_bsp.o
    0x08004964   0x08004964   0x00000064   Code   RO         1165    i.rtc_clock_init    rtc_bsp.o
    0x080049c8   0x080049c8   0x00000068   Code   RO         1166    i.rtc_clock_resume  rtc_bsp.o
    0x08004a30   0x08004a30   0x00000010   Code   RO         1167    i.rtc_clock_source_reg  rtc_bsp.o
    0x08004a40   0x08004a40   0x00000048   Code   RO         1168    i.rtc_clock_use_irc32k  rtc_bsp.o
    0x08004a88   0x08004a88   0x0000004c   Code   RO         1169    i.rtc_clock_use_lxtal  rtc_bsp.o
    0x08004ad4   0x08004ad4   0x00000064   Code   RO         6165    i.rtc_current_time_get  gd32f4xx_rtc.o
    0x08004b38   0x08004b38   0x00000046   Code   RO         1170    i.rtc_date_valid    rtc_bsp.o
    0x08004b7e   0x08004b7e   0x00000012   Code   RO         1171    i.rtc_datetime_get_date  rtc_bsp.o
    0x08004b90   0x08004b90   0x0000000e   Code   RO         1172    i.rtc_datetime_get_time  rtc_bsp.o
    0x08004b9e   0x08004b9e   0x00000002   PAD
    0x08004ba0   0x08004ba0   0x0000006c   Code   RO         1175    i.rtc_datetime_to_parameter  rtc_bsp.o
    0x08004c0c   0x08004c0c   0x00000032   Code   RO         1176    i.rtc_datetime_valid  rtc_bsp.o
    0x08004c3e   0x08004c3e   0x00000002   PAD
    0x08004c40   0x08004c40   0x0000002c   Code   RO         1177    i.rtc_days_in_month  rtc_bsp.o
    0x08004c6c   0x08004c6c   0x0000001a   Code   RO         1178    i.rtc_dec_to_bcd    rtc_bsp.o
    0x08004c86   0x08004c86   0x00000002   PAD
    0x08004c88   0x08004c88   0x00000030   Code   RO          371    i.rtc_get_time      rtc_app.o
    0x08004cb8   0x08004cb8   0x00000048   Code   RO         6171    i.rtc_init_mode_enter  gd32f4xx_rtc.o
    0x08004d00   0x08004d00   0x00000014   Code   RO         6172    i.rtc_init_mode_exit  gd32f4xx_rtc.o
    0x08004d14   0x08004d14   0x00000032   Code   RO         1179    i.rtc_is_leap_year  rtc_bsp.o
    0x08004d46   0x08004d46   0x00000040   Code   RO         1180    i.rtc_parameter_to_datetime  rtc_bsp.o
    0x08004d86   0x08004d86   0x00000002   PAD
    0x08004d88   0x08004d88   0x00000040   Code   RO         1183    i.rtc_read_datetime  rtc_bsp.o
    0x08004dc8   0x08004dc8   0x00000060   Code   RO         6177    i.rtc_register_sync_wait  gd32f4xx_rtc.o
    0x08004e28   0x08004e28   0x00000010   Code   RO         1188    i.rtc_setup_time    rtc_bsp.o
    0x08004e38   0x08004e38   0x00000038   Code   RO         1190    i.rtc_source_name   rtc_bsp.o
    0x08004e70   0x08004e70   0x00000078   Code   RO          372    i.rtc_task          rtc_app.o
    0x08004ee8   0x08004ee8   0x00000022   Code   RO         1191    i.rtc_time_valid    rtc_bsp.o
    0x08004f0a   0x08004f0a   0x00000002   PAD
    0x08004f0c   0x08004f0c   0x00000100   Code   RO         1192    i.rtc_write_datetime  rtc_bsp.o
    0x0800500c   0x0800500c   0x00000024   Code   RO          414    i.scheduler_init    scheduler.o
    0x08005030   0x08005030   0x00000090   Code   RO          415    i.scheduler_run     scheduler.o
    0x080050c0   0x080050c0   0x0000001c   Code   RO          452    i.sd_app_init       sd_app.o
    0x080050dc   0x080050dc   0x00000130   Code   RO         2028    i.sd_interrupts_process  sdio_sdcard.o
    0x0800520c   0x0800520c   0x00000024   Code   RO         2038    i.sd_transfer_stop  sdio_sdcard.o
    0x08005230   0x08005230   0x0000000c   Code   RO         6428    i.sdio_command_index_get  gd32f4xx_sdio.o
    0x0800523c   0x0800523c   0x00000038   Code   RO         6429    i.sdio_command_response_config  gd32f4xx_sdio.o
    0x08005274   0x08005274   0x00000014   Code   RO         6431    i.sdio_csm_enable   gd32f4xx_sdio.o
    0x08005288   0x08005288   0x0000000c   Code   RO         6443    i.sdio_flag_clear   gd32f4xx_sdio.o
    0x08005294   0x08005294   0x00000010   Code   RO         6447    i.sdio_interrupt_disable  gd32f4xx_sdio.o
    0x080052a4   0x080052a4   0x0000000c   Code   RO         6449    i.sdio_interrupt_flag_clear  gd32f4xx_sdio.o
    0x080052b0   0x080052b0   0x00000014   Code   RO         6450    i.sdio_interrupt_flag_get  gd32f4xx_sdio.o
    0x080052c4   0x080052c4   0x0000003c   Code   RO         6458    i.sdio_response_get  gd32f4xx_sdio.o
    0x08005300   0x08005300   0x0000001c   Code   RO         6463    i.sdio_wait_type_set  gd32f4xx_sdio.o
    0x0800531c   0x0800531c   0x0000000a   Code   RO         6724    i.spi_enable        gd32f4xx_spi.o
    0x08005326   0x08005326   0x00000008   Code   RO         6726    i.spi_i2s_data_receive  gd32f4xx_spi.o
    0x0800532e   0x0800532e   0x00000004   Code   RO         6727    i.spi_i2s_data_transmit  gd32f4xx_spi.o
    0x08005332   0x08005332   0x00000002   PAD
    0x08005334   0x08005334   0x000000ac   Code   RO         6728    i.spi_i2s_deinit    gd32f4xx_spi.o
    0x080053e0   0x080053e0   0x00000012   Code   RO         6729    i.spi_i2s_flag_get  gd32f4xx_spi.o
    0x080053f2   0x080053f2   0x00000032   Code   RO         6734    i.spi_init          gd32f4xx_spi.o
    0x08005424   0x08005424   0x00000110   Code   RO          942    i.system_clock_240m_25m_hxtal  system_gd32f4xx.o
    0x08005534   0x08005534   0x00000008   Code   RO          943    i.system_clock_config  system_gd32f4xx.o
    0x0800553c   0x0800553c   0x00000050   Code   RO          803    i.systick_config    systick.o
    0x0800558c   0x0800558c   0x0000000c   Code   RO          804    i.systick_get_ms    systick.o
    0x08005598   0x08005598   0x00000014   Code   RO          599    i.uart_app_init     usart_app.o
    0x080055ac   0x080055ac   0x00000020   Code   RO          600    i.uart_default_line_handler  usart_app.o
    0x080055cc   0x080055cc   0x00000040   Code   RO          601    i.uart_dispatch_line  usart_app.o
    0x0800560c   0x0800560c   0x000000d0   Code   RO         1054    i.uart_init         usart_bsp.o
    0x080056dc   0x080056dc   0x00000020   Code   RO         1055    i.uart_irq_handler  usart_bsp.o
    0x080056fc   0x080056fc   0x0000008c   Code   RO         1056    i.uart_poll         usart_bsp.o
    0x08005788   0x08005788   0x00000046   Code   RO          603    i.uart_printf       usart_app.o
    0x080057ce   0x080057ce   0x00000002   PAD
    0x080057d0   0x080057d0   0x00000038   Code   RO         1057    i.uart_read         usart_bsp.o
    0x08005808   0x08005808   0x0000005c   Code   RO          604    i.uart_receive_byte  usart_app.o
    0x08005864   0x08005864   0x0000002c   Code   RO         1059    i.uart_rx_push_locked  usart_bsp.o
    0x08005890   0x08005890   0x00000030   Code   RO          605    i.uart_task         usart_app.o
    0x080058c0   0x080058c0   0x0000002c   Code   RO         1061    i.uart_tx_dma_irq_handler  usart_bsp.o
    0x080058ec   0x080058ec   0x0000004c   Code   RO         1062    i.uart_write        usart_bsp.o
    0x08005938   0x08005938   0x000000e8   Code   RO         7697    i.usart_baudrate_set  gd32f4xx_usart.o
    0x08005a20   0x08005a20   0x0000000a   Code   RO         7701    i.usart_data_receive  gd32f4xx_usart.o
    0x08005a2a   0x08005a2a   0x00000002   PAD
    0x08005a2c   0x08005a2c   0x000000dc   Code   RO         7703    i.usart_deinit      gd32f4xx_usart.o
    0x08005b08   0x08005b08   0x00000014   Code   RO         7705    i.usart_dma_receive_config  gd32f4xx_usart.o
    0x08005b1c   0x08005b1c   0x00000014   Code   RO         7706    i.usart_dma_transmit_config  gd32f4xx_usart.o
    0x08005b30   0x08005b30   0x0000000a   Code   RO         7707    i.usart_enable      gd32f4xx_usart.o
    0x08005b3a   0x08005b3a   0x0000000c   Code   RO         1063    i.usart_enter_critical  usart_bsp.o
    0x08005b46   0x08005b46   0x00000006   Code   RO         1064    i.usart_exit_critical  usart_bsp.o
    0x08005b4c   0x08005b4c   0x0000001a   Code   RO         7717    i.usart_interrupt_enable  gd32f4xx_usart.o
    0x08005b66   0x08005b66   0x0000003a   Code   RO         7719    i.usart_interrupt_flag_get  gd32f4xx_usart.o
    0x08005ba0   0x08005ba0   0x00000010   Code   RO         7734    i.usart_receive_config  gd32f4xx_usart.o
    0x08005bb0   0x08005bb0   0x00000064   Code   RO         1065    i.usart_rx_dma_config  usart_bsp.o
    0x08005c14   0x08005c14   0x00000010   Code   RO         7749    i.usart_transmit_config  gd32f4xx_usart.o
    0x08005c24   0x08005c24   0x00000064   Code   RO         1066    i.usart_tx_dma_config  usart_bsp.o
    0x08005c88   0x08005c88   0x0000002c   Code   RO         1067    i.usart_tx_finish_dma  usart_bsp.o
    0x08005cb4   0x08005cb4   0x00000070   Code   RO         1068    i.usart_tx_start_dma  usart_bsp.o
    0x08005d24   0x08005d24   0x00000082   Data   RO          677    .constdata          gd30_app.o
    0x08005da6   0x08005da6   0x00000020   Data   RO         1193    .constdata          rtc_bsp.o
    0x08005dc6   0x08005dc6   0x00000002   PAD
    0x08005dc8   0x08005dc8   0x00000038   Data   RO         1347    .constdata          btn_bsp.o
    0x08005e00   0x08005e00   0x00000018   Data   RO         1383    .constdata          led_bsp.o
    0x08005e18   0x08005e18   0x0000003c   Data   RO         1754    .constdata          gd30ad3344.o
    0x08005e54   0x08005e54   0x00000ab1   Data   RO         1814    .constdata          oled.o
    0x08006905   0x08006905   0x00000003   PAD
    0x08006908   0x08006908   0x00000020   Data   RO         8188    Region$$Table       anon$$obj.o


    Execution Region RW_IRAM1 (Exec base: 0x20000000, Load base: 0x08006928, Size: 0x00001dd0, Max: 0x00030000, ABSOLUTE, COMPRESSED[0x00000048])

    Exec Addr    Load Addr    Size         Type   Attr      Idx    E Section Name        Object

    0x20000000   COMPRESSED   0x00000004   Data   RW            5    .data               adc_app.o
    0x20000004   COMPRESSED   0x00000002   Data   RW           46    .data               dac_app.o
    0x20000006   COMPRESSED   0x00000002   PAD
    0x20000008   COMPRESSED   0x00000070   Data   RW           80    .data               btn_app.o
    0x20000078   COMPRESSED   0x00000060   Data   RW          141    .data               led_app.o
    0x200000d8   COMPRESSED   0x00000012   Data   RW          373    .data               rtc_app.o
    0x200000ea   COMPRESSED   0x00000002   PAD
    0x200000ec   COMPRESSED   0x00000054   Data   RW          416    .data               scheduler.o
    0x20000140   COMPRESSED   0x00000001   Data   RW          471    .data               sd_app.o
    0x20000141   COMPRESSED   0x00000003   PAD
    0x20000144   COMPRESSED   0x00000008   Data   RW          607    .data               usart_app.o
    0x2000014c   COMPRESSED   0x00000014   Data   RW          678    .data               gd30_app.o
    0x20000160   COMPRESSED   0x00000008   Data   RW          805    .data               systick.o
    0x20000168   COMPRESSED   0x00000004   Data   RW          944    .data               system_gd32f4xx.o
    0x2000016c   COMPRESSED   0x00000002   Data   RW          993    .data               adc_bsp.o
    0x2000016e   COMPRESSED   0x00000002   Data   RW         1022    .data               dac_bsp.o
    0x20000170   COMPRESSED   0x00000010   Data   RW         1070    .data               usart_bsp.o
    0x20000180   COMPRESSED   0x0000000a   Data   RW         1194    .data               rtc_bsp.o
    0x2000018a   COMPRESSED   0x00000001   Data   RW         1534    .data               flash_bsp.o
    0x2000018b   COMPRESSED   0x0000000c   Data   RW         1815    .data               oled.o
    0x20000197   COMPRESSED   0x00000001   PAD
    0x20000198   COMPRESSED   0x00000010   Data   RW         1976    .data               button.o
    0x200001a8   COMPRESSED   0x00000024   Data   RW         2040    .data               sdio_sdcard.o
    0x200001cc        -       0x00000080   Zero   RW          606    .bss                usart_app.o
    0x2000024c        -       0x00000044   Zero   RW          676    .bss                gd30_app.o
    0x20000290        -       0x00001120   Zero   RW         1069    .bss                usart_bsp.o
    0x200013b0        -       0x00000201   Zero   RW         1443    .bss                oled_bsp.o
    0x200015b1   COMPRESSED   0x00000003   PAD
    0x200015b4        -       0x00000018   Zero   RW         1659    .bss                gd25qxx.o
    0x200015cc        -       0x00000400   Zero   RW         1813    .bss                oled.o
    0x200019cc   COMPRESSED   0x00000004   PAD
    0x200019d0        -       0x00000400   Zero   RW         8094    STACK               startup_gd32f450_470.o


==============================================================================

Image component sizes


      Code (inc. data)   RO Data    RW Data    ZI Data      Debug   Object Name

       100         12          0          4          0       7425   adc_app.o
       292         24          0          2          0       1930   adc_bsp.o
       182         20          0        112          0       4674   btn_app.o
       146         24         56          0          0       2086   btn_bsp.o
       380         40          0         16          0       3116   button.o
        40          6          0          2          0       1430   dac_app.o
       128         18          0          2          0       1191   dac_bsp.o
       324         44          0          1          0       3470   flash_bsp.o
       222         16          0          0         24       3542   gd25qxx.o
      1008        172        130         20         68       8757   gd30_app.o
       376         34          0          0          0       3913   gd30_bsp.o
       144          8         60          0          0       3298   gd30ad3344.o
       606         16          0          0          0       7989   gd32f4xx_adc.o
       222          6          0          0          0       3912   gd32f4xx_dac.o
      1700          4          0          0          0      12575   gd32f4xx_dma.o
       274          0          0          0          0       5050   gd32f4xx_gpio.o
       512         16          0          0          0       8178   gd32f4xx_i2c.o
        68          0          0          0          0       5623   gd32f4xx_it.o
       308         28          0          0          0      28987   gd32f4xx_misc.o
        20          6          0          0          0        550   gd32f4xx_pmu.o
       932         84          0          0          0       8671   gd32f4xx_rcu.o
       328         26          0          0          0       3962   gd32f4xx_rtc.o
       236         44          0          0          0       5584   gd32f4xx_sdio.o
       262         10          0          0          0       4415   gd32f4xx_spi.o
       628         18          0          0          0       6886   gd32f4xx_usart.o
       264         14          0         96          0      84903   led_app.o
       122         16         24          0          0       2105   led_bsp.o
       764        456          0          0          0       1355   main.o
      2092        158       2737         12       1024      18833   oled.o
       412        134          0          0          0       3328   oled_app.o
      1336        108          0          0        513       9565   oled_bsp.o
       356          0          0          0          0       6840   ring_buffer.o
       176         20          0         18          0       2025   rtc_app.o
      1394        120         32         10          0      13451   rtc_bsp.o
       180          8          0         84          0       2769   scheduler.o
        28          6          0          1          0       3754   sd_app.o
       646         30          0         36          0       9696   sdio_sdcard.o
        36          8        428          0       1024        884   startup_gd32f450_470.o
       700         32          0          4          0       3935   system_gd32f4xx.o
       188         32          0          8          0      29471   systick.o
       326         64          0          8        128       4714   usart_app.o
       974        132          0         16       4384       9250   usart_bsp.o

    ----------------------------------------------------------------------
     19478       2014       3504        460       7172     354092   Object Totals
         0          0         32          0          0          0   (incl. Generated)
        46          0          5          8          7          0   (incl. Padding)

    ----------------------------------------------------------------------

      Code (inc. data)   RO Data    RW Data    ZI Data      Debug   Library Member Name

        86          0          0          0          0          0   __dczerorl2.o
         0          0          0          0          0          0   entry.o
         0          0          0          0          0          0   entry10a.o
         0          0          0          0          0          0   entry11a.o
         4          0          0          0          0          0   entry12b.o
         8          4          0          0          0          0   entry2.o
         4          0          0          0          0          0   entry5.o
         0          0          0          0          0          0   entry7b.o
         0          0          0          0          0          0   entry8b.o
         8          4          0          0          0          0   entry9a.o
        30          0          0          0          0          0   handlers.o
        36          8          0          0          0         68   init.o
         0          0          0          0          0          0   iusefp.o
        98          0          0          0          0         84   ldiv.o
        30          0          0          0          0         68   llshl.o
        36          0          0          0          0         68   llsshr.o
        32          0          0          0          0         68   llushr.o
        36          0          0          0          0         68   memcpya.o
        36          0          0          0          0        108   memseta.o
      2260         86          0          0          0        528   printfa.o
        24          0          0          0          0         76   strncpy.o
        44          0          0          0          0         80   uidiv.o
        98          0          0          0          0         92   uldiv.o
        48          0          0          0          0         68   cdrcmple.o
       334          0          0          0          0        148   dadd.o
       222          0          0          0          0        100   ddiv.o
       186          0          0          0          0        176   depilogue.o
        48          0          0          0          0         68   dfixul.o
       228          0          0          0          0         96   dmul.o

    ----------------------------------------------------------------------
      3938        102          0          0          0       1964   Library Totals
         2          0          0          0          0          0   (incl. Padding)

    ----------------------------------------------------------------------

      Code (inc. data)   RO Data    RW Data    ZI Data      Debug   Library Name

      2870        102          0          0          0       1308   mc_w.l
      1066          0          0          0          0        656   mf_w.l

    ----------------------------------------------------------------------
      3938        102          0          0          0       1964   Library Totals

    ----------------------------------------------------------------------

==============================================================================


      Code (inc. data)   RO Data    RW Data    ZI Data      Debug   

     23416       2116       3504        460       7172     327500   Grand Totals
     23416       2116       3504         72       7172     327500   ELF Image Totals (compressed)
     23416       2116       3504         72          0          0   ROM Totals

==============================================================================

    Total RO  Size (Code + RO Data)                26920 (  26.29kB)
    Total RW  Size (RW Data + ZI Data)              7632 (   7.45kB)
    Total ROM Size (Code + RO Data + RW Data)      26992 (  26.36kB)

==============================================================================

