<html>
<body>
<pre>
<h1>µVision Build Log</h1>
<h2>Tool Versions:</h2>
IDE-Version: ¦ÌVision V5.42.0.0
Copyright (C) 2025 ARM Ltd and ARM Germany GmbH. All rights reserved.
License Information: Mie Lin, MieLin, LIC=76F5U-SBE72-VELHA-1YYC1-VZYPJ-SRW61
 
Tool Versions:
Toolchain:       MDK-ARM Plus  Version: 5.42.0.0
Toolchain Path:  C:\Users\ASUS\AppData\Local\Keil_v5\ARM\ARMCOMPLIER506\Bin
C Compiler:      Armcc.exe V5.06 update 7 (build 960)
Assembler:       Armasm.exe V5.06 update 7 (build 960)
Linker/Locator:  ArmLink.exe V5.06 update 7 (build 960)
Library Manager: ArmAr.exe V5.06 update 7 (build 960)
Hex Converter:   FromElf.exe V5.06 update 7 (build 960)
CPU DLL:         SARMCM3.DLL V5.42.0.0
Dialog DLL:      DCM.DLL V1.17.5.0
Target DLL:      CMSIS_AGDI.dll V1.33.22.0
Dialog DLL:      TCM.DLL V1.56.6.0
 
<h2>Project:</h2>
E:\CIMC\GD32F470VE_Keil_Project\Project\GD32F470VE.uvprojx
Project File Date:  05/05/2026

<h2>Output:</h2>
*** Using Compiler 'V5.06 update 7 (build 960)', folder: 'C:\Users\ASUS\AppData\Local\Keil_v5\ARM\ARMCOMPLIER506\Bin'
Rebuild target 'GD32F470VET6_Project'
compiling dac_app.c...
compiling adc_app.c...
compiling gd32f4xx_it.c...
compiling btn_app.c...
compiling gd30ad3344.c...
compiling oled_bsp.c...
compiling rtc_app.c...
compiling led_bsp.c...
compiling oled.c...
compiling btn_bsp.c...
compiling sd_app.c...
compiling rtc_bsp.c...
compiling adc_bsp.c...
compiling oled_app.c...
compiling usart_app.c...
compiling dac_bsp.c...
compiling flash_bsp.c...
compiling system_gd32f4xx.c...
compiling gd30_app.c...
compiling gd30_bsp.c...
compiling systick.c...
compiling button.c...
compiling scheduler.c...
compiling led_app.c...
compiling usart_bsp.c...
compiling gd25qxx.c...
compiling main.c...
compiling ring_buffer.c...
compiling ccsbcs.c...
compiling ff.c...
compiling diskio.c...
compiling gd32f4xx_adc.c...
compiling sdio_sdcard.c...
compiling gd32f4xx_can.c...
compiling gd32f4xx_crc.c...
compiling gd32f4xx_ctc.c...
compiling gd32f4xx_dbg.c...
compiling gd32f4xx_dac.c...
compiling gd32f4xx_dci.c...
compiling gd32f4xx_dma.c...
compiling gd32f4xx_exti.c...
compiling gd32f4xx_gpio.c...
compiling gd32f4xx_exmc.c...
compiling gd32f4xx_fwdgt.c...
compiling gd32f4xx_fmc.c...
compiling gd32f4xx_i2c.c...
compiling gd32f4xx_enet.c...
compiling gd32f4xx_ipa.c...
compiling gd32f4xx_iref.c...
compiling gd32f4xx_misc.c...
compiling gd32f4xx_pmu.c...
assembling startup_gd32f450_470.s...
compiling gd32f4xx_rcu.c...
compiling gd32f4xx_sdio.c...
compiling gd32f4xx_spi.c...
compiling gd32f4xx_rtc.c...
compiling gd32f4xx_syscfg.c...
compiling gd32f4xx_tli.c...
compiling gd32f4xx_trng.c...
compiling gd32f4xx_timer.c...
compiling gd32f4xx_wwdgt.c...
compiling gd32f4xx_usart.c...
linking...
Program Size: Code=23416 RO-data=3504 RW-data=460 ZI-data=7172  
FromELF: creating hex file...
".\output\Project.axf" - 0 Error(s), 0 Warning(s).

<h2>Software Packages used:</h2>

Package Vendor: ARM
                https://www.keil.com/pack/ARM.CMSIS.6.1.0.pack
                ARM::CMSIS@6.1.0
                CMSIS (Common Microcontroller Software Interface Standard)
   * Component: CORE Version: 6.1.0

Package Vendor: GigaDevice
                https://gd32mcu.com/data/documents/pack/GigaDevice.GD32F4xx_DFP.3.0.3.pack
                GigaDevice::GD32F4xx_DFP@3.0.3
                GigaDevice GD32F4xx Series Device Support and Examples

<h2>Collection of Component include folders:</h2>
  ./RTE/_GD32F470VET6_Project
  C:/Users/ASUS/AppData/Local/Arm/Packs/ARM/CMSIS/6.1.0/CMSIS/Core/Include
  C:/Users/ASUS/AppData/Local/Arm/Packs/GigaDevice/GD32F4xx_DFP/3.0.3/Device/F4XX/Include

<h2>Collection of Component Files used:</h2>

   * Component: ARM::CMSIS:CORE@6.1.0
Build Time Elapsed:  00:00:03
</pre>
</body>
</html>
